[patch codec] backbone 128x16@p0.5: eval floor 0.0612, residual energy 6.1% of image variance
[fit] 1x16@p0.5 (196 bits/image)
  [1x16@p0.5] iter 1  residual relMSE(4k) 0.7632  (4s)
  [1x16@p0.5] iter 2  residual relMSE(4k) 0.7629  (6s)
  [1x16@p0.5] iter 3  residual relMSE(4k) 0.7626  (7s)
  [1x16@p0.5] iter 4  residual relMSE(4k) 0.7624  (9s)
  [1x16@p0.5] iter 5  residual relMSE(4k) 0.7621  (10s)
[1x16@p0.5] 196 bits  combined 0.0468  residual 0.7643  coh nan (bar 0.293)  dead 0/784
[fit] 1x16@p0.75 (196 bits/image)
  [1x16@p0.75] iter 1  residual relMSE(4k) 0.7039  (5s)
  [1x16@p0.75] iter 2  residual relMSE(4k) 0.7035  (7s)
  [1x16@p0.75] iter 3  residual relMSE(4k) 0.7031  (8s)
  [1x16@p0.75] iter 4  residual relMSE(4k) 0.7028  (10s)
  [1x16@p0.75] iter 5  residual relMSE(4k) 0.7025  (12s)
[1x16@p0.75] 196 bits  combined 0.0431  residual 0.7045  coh nan (bar 0.293)  dead 0/784
[fit] 2x16@p0.5 (392 bits/image)
  [2x16@p0.5] iter 1  residual relMSE(4k) 0.6266  (11s)
  [2x16@p0.5] iter 2  residual relMSE(4k) 0.6257  (14s)
  [2x16@p0.5] iter 3  residual relMSE(4k) 0.6240  (18s)
  [2x16@p0.5] iter 4  residual relMSE(4k) 0.6222  (22s)
  [2x16@p0.5] iter 5  residual relMSE(4k) 0.6208  (25s)
[2x16@p0.5] 392 bits  combined 0.0382  residual 0.6246  coh 0.381 (bar 0.312)  dead 0/1568
[fit] 2x16@p0.75 (392 bits/image)
  [2x16@p0.75] iter 1  residual relMSE(4k) 0.5537  (11s)
  [2x16@p0.75] iter 2  residual relMSE(4k) 0.5490  (15s)
  [2x16@p0.75] iter 3  residual relMSE(4k) 0.5455  (18s)
  [2x16@p0.75] iter 4  residual relMSE(4k) 0.5424  (22s)
  [2x16@p0.75] iter 5  residual relMSE(4k) 0.5400  (25s)
[2x16@p0.75] 392 bits  combined 0.0333  residual 0.5433  coh 0.343 (bar 0.313)  dead 0/1568
[fit] 3x16@p0.5 (588 bits/image)
  [3x16@p0.5] iter 1  residual relMSE(4k) 0.5293  (16s)
  [3x16@p0.5] iter 2  residual relMSE(4k) 0.5259  (22s)
  [3x16@p0.5] iter 3  residual relMSE(4k) 0.5235  (27s)
  [3x16@p0.5] iter 4  residual relMSE(4k) 0.5214  (33s)
  [3x16@p0.5] iter 5  residual relMSE(4k) 0.5196  (38s)
[3x16@p0.5] 588 bits  combined 0.0321  residual 0.5239  coh 0.388 (bar 0.324)  dead 0/2352
[fit] 3x16@p0.75 (588 bits/image)
  [3x16@p0.75] iter 1  residual relMSE(4k) 0.4547  (16s)
  [3x16@p0.75] iter 2  residual relMSE(4k) 0.4435  (21s)
  [3x16@p0.75] iter 3  residual relMSE(4k) 0.4372  (27s)
  [3x16@p0.75] iter 4  residual relMSE(4k) 0.4331  (32s)
  [3x16@p0.75] iter 5  residual relMSE(4k) 0.4298  (38s)
[3x16@p0.75] 588 bits  combined 0.0265  residual 0.4333  coh 0.347 (bar 0.319)  dead 0/2352

      point  bits  combined  residual  coh-bar  dead
  1x16@p0.5   196    0.0468    0.7643      nan     0
 1x16@p0.75   196    0.0431    0.7045      nan     0
  2x16@p0.5   392    0.0382    0.6246    0.069     0
 2x16@p0.75   392    0.0333    0.5433    0.030     0
  3x16@p0.5   588    0.0321    0.5239    0.064     0
 3x16@p0.75   588    0.0265    0.4333    0.028     0
anchors: backbone alone 0.0612  |  a per-patch code at 512 bits 0.0576
