[teach] 128x16@p0.5: 2064 lanes x 134 spaces x 16 ch
  [128x16@p0.5] G ep  1  fill 0.2930  [0.00-0.25) 0.230/0.131  [0.25-0.50) 0.315/0.138  [0.50-0.75) 0.368/0.142  [0.75-1.00) 0.386/0.137  (40s) *
  [128x16@p0.5] G ep  2  fill 0.2996  [0.00-0.25) 0.235/0.131  [0.25-0.50) 0.322/0.138  [0.50-0.75) 0.376/0.142  [0.75-1.00) 0.391/0.137  (76s) *
  [128x16@p0.5] G ep  3  fill 0.2984  [0.00-0.25) 0.236/0.131  [0.25-0.50) 0.320/0.138  [0.50-0.75) 0.373/0.142  [0.75-1.00) 0.389/0.137  (114s)
  [128x16@p0.5] G ep  4  fill 0.3010  [0.00-0.25) 0.239/0.131  [0.25-0.50) 0.320/0.138  [0.50-0.75) 0.377/0.142  [0.75-1.00) 0.390/0.137  (151s) *
  [128x16@p0.5] G ep  5  fill 0.3012  [0.00-0.25) 0.240/0.131  [0.25-0.50) 0.321/0.138  [0.50-0.75) 0.375/0.142  [0.75-1.00) 0.392/0.137  (187s) *
  [128x16@p0.5] G ep  6  fill 0.3049  [0.00-0.25) 0.242/0.131  [0.25-0.50) 0.327/0.138  [0.50-0.75) 0.377/0.142  [0.75-1.00) 0.401/0.137  (224s) *
  [128x16@p0.5] G ep  7  fill 0.3028  [0.00-0.25) 0.239/0.131  [0.25-0.50) 0.324/0.138  [0.50-0.75) 0.380/0.142  [0.75-1.00) 0.393/0.137  (262s)
  [128x16@p0.5] G ep  8  fill 0.3039  [0.00-0.25) 0.241/0.131  [0.25-0.50) 0.328/0.138  [0.50-0.75) 0.376/0.142  [0.75-1.00) 0.395/0.137  (300s)
  [128x16@p0.5] G ep  9  fill 0.3055  [0.00-0.25) 0.243/0.131  [0.25-0.50) 0.328/0.138  [0.50-0.75) 0.379/0.142  [0.75-1.00) 0.398/0.137  (336s) *
  [128x16@p0.5] G ep 10  fill 0.3027  [0.00-0.25) 0.240/0.131  [0.25-0.50) 0.326/0.138  [0.50-0.75) 0.372/0.142  [0.75-1.00) 0.401/0.137  (372s)
  [128x16@p0.5] G ep 11  fill 0.3063  [0.00-0.25) 0.243/0.131  [0.25-0.50) 0.328/0.138  [0.50-0.75) 0.379/0.142  [0.75-1.00) 0.401/0.137  (408s) *
  [128x16@p0.5] G ep 12  fill 0.3065  [0.00-0.25) 0.244/0.131  [0.25-0.50) 0.325/0.138  [0.50-0.75) 0.386/0.142  [0.75-1.00) 0.400/0.137  (444s) *
  [128x16@p0.5] G ep 13  fill 0.3057  [0.00-0.25) 0.243/0.131  [0.25-0.50) 0.328/0.138  [0.50-0.75) 0.378/0.142  [0.75-1.00) 0.406/0.137  (480s)
  [128x16@p0.5] G ep 14  fill 0.3042  [0.00-0.25) 0.241/0.131  [0.25-0.50) 0.326/0.138  [0.50-0.75) 0.378/0.142  [0.75-1.00) 0.406/0.137  (516s)
  [128x16@p0.5] G ep 15  fill 0.3063  [0.00-0.25) 0.245/0.131  [0.25-0.50) 0.325/0.138  [0.50-0.75) 0.383/0.142  [0.75-1.00) 0.400/0.137  (553s)
[128x16@p0.5] G FROZEN fill 0.3065 (prior 0.1358, lift +0.1708)
  [128x16@p0.5] pool wrong fraction 0.542
  [128x16@p0.5] R ep  1  repair 0.2541  preserve 0.6274 (maj 0.7504 / min 0.6074)  (37s) *
  [128x16@p0.5] R ep  2  repair 0.2577  preserve 0.6405 (maj 0.7190 / min 0.6277)  (75s) *
  [128x16@p0.5] R ep  3  repair 0.2596  preserve 0.6404 (maj 0.7149 / min 0.6282)  (111s) *
  [128x16@p0.5] R ep  4  repair 0.2596  preserve 0.6394 (maj 0.7095 / min 0.6279)  (147s)
  [128x16@p0.5] R ep  5  repair 0.2626  preserve 0.6315 (maj 0.7072 / min 0.6192)  (182s) *
  [128x16@p0.5] R ep  6  repair 0.2627  preserve 0.6318 (maj 0.7025 / min 0.6203)  (219s) *
  [128x16@p0.5] R ep  7  repair 0.2627  preserve 0.6240 (maj 0.6970 / min 0.6121)  (255s)
  [128x16@p0.5] R ep  8  repair 0.2632  preserve 0.6234 (maj 0.6932 / min 0.6120)  (295s) *
  [128x16@p0.5] R ep  9  repair 0.2624  preserve 0.6213 (maj 0.6805 / min 0.6117)  (333s)
  [128x16@p0.5] R ep 10  repair 0.2633  preserve 0.6221 (maj 0.6908 / min 0.6109)  (370s) *
  [128x16@p0.5] R ep 11  repair 0.2642  preserve 0.6184 (maj 0.6870 / min 0.6072)  (408s) *
  [128x16@p0.5] R ep 12  repair 0.2648  preserve 0.6198 (maj 0.7075 / min 0.6055)  (447s) *
  [128x16@p0.5] R ep 13  repair 0.2624  preserve 0.6128 (maj 0.6789 / min 0.6021)  (484s)
  [128x16@p0.5] R ep 14  repair 0.2632  preserve 0.6160 (maj 0.6868 / min 0.6045)  (523s)
  [128x16@p0.5] R ep 15  repair 0.2641  preserve 0.6154 (maj 0.6874 / min 0.6037)  (562s)
[128x16@p0.5] R FROZEN repair 0.2648  preserve 0.6198 (maj 0.7075 / min 0.6055)

        point    fill    lift  repair pres-min
  128x16@p0.5  0.3065 +0.1708  0.2648   0.6055
[teach] 16x16@p0.5: 272 lanes x 22 spaces x 16 ch
  [16x16@p0.5] G ep  1  fill 0.3642  [0.00-0.25) 0.284/0.174  [0.25-0.50) 0.386/0.183  [0.50-0.75) 0.465/0.170  [0.75-1.00) 0.491/0.144  (3s) *
  [16x16@p0.5] G ep  2  fill 0.3659  [0.00-0.25) 0.293/0.174  [0.25-0.50) 0.378/0.183  [0.50-0.75) 0.467/0.170  [0.75-1.00) 0.489/0.144  (5s) *
  [16x16@p0.5] G ep  3  fill 0.3633  [0.00-0.25) 0.283/0.174  [0.25-0.50) 0.393/0.183  [0.50-0.75) 0.456/0.170  [0.75-1.00) 0.481/0.144  (8s)
  [16x16@p0.5] G ep  4  fill 0.3732  [0.00-0.25) 0.294/0.174  [0.25-0.50) 0.393/0.183  [0.50-0.75) 0.477/0.170  [0.75-1.00) 0.495/0.144  (11s) *
  [16x16@p0.5] G ep  5  fill 0.3694  [0.00-0.25) 0.301/0.174  [0.25-0.50) 0.383/0.183  [0.50-0.75) 0.464/0.170  [0.75-1.00) 0.474/0.144  (14s)
  [16x16@p0.5] G ep  6  fill 0.3851  [0.00-0.25) 0.310/0.174  [0.25-0.50) 0.412/0.183  [0.50-0.75) 0.475/0.170  [0.75-1.00) 0.492/0.144  (17s) *
  [16x16@p0.5] G ep  7  fill 0.3732  [0.00-0.25) 0.298/0.174  [0.25-0.50) 0.397/0.183  [0.50-0.75) 0.465/0.170  [0.75-1.00) 0.483/0.144  (19s)
  [16x16@p0.5] G ep  8  fill 0.3771  [0.00-0.25) 0.305/0.174  [0.25-0.50) 0.400/0.183  [0.50-0.75) 0.461/0.170  [0.75-1.00) 0.496/0.144  (22s)
  [16x16@p0.5] G ep  9  fill 0.3642  [0.00-0.25) 0.283/0.174  [0.25-0.50) 0.386/0.183  [0.50-0.75) 0.467/0.170  [0.75-1.00) 0.497/0.144  (25s)
[16x16@p0.5] G FROZEN fill 0.3851 (prior 0.1740, lift +0.2110)
  [16x16@p0.5] pool wrong fraction 0.523
  [16x16@p0.5] R ep  1  repair 0.2802  preserve 0.9092 (maj 0.9563 / min 0.8998)  (3s) *
  [16x16@p0.5] R ep  2  repair 0.2746  preserve 0.9201 (maj 0.9705 / min 0.9102)  (6s)
  [16x16@p0.5] R ep  3  repair 0.2763  preserve 0.9217 (maj 0.9627 / min 0.9136)  (8s)
  [16x16@p0.5] R ep  4  repair 0.2750  preserve 0.9191 (maj 0.9552 / min 0.9119)  (11s)
[16x16@p0.5] R FROZEN repair 0.2802  preserve 0.9092 (maj 0.9563 / min 0.8998)
[teach] 32x16@p0.5: 528 lanes x 38 spaces x 16 ch
  [32x16@p0.5] G ep  1  fill 0.3410  [0.00-0.25) 0.273/0.167  [0.25-0.50) 0.359/0.176  [0.50-0.75) 0.432/0.180  [0.75-1.00) 0.435/0.170  (7s) *
  [32x16@p0.5] G ep  2  fill 0.3482  [0.00-0.25) 0.271/0.167  [0.25-0.50) 0.374/0.176  [0.50-0.75) 0.440/0.180  [0.75-1.00) 0.464/0.170  (13s) *
  [32x16@p0.5] G ep  3  fill 0.3475  [0.00-0.25) 0.272/0.167  [0.25-0.50) 0.368/0.176  [0.50-0.75) 0.448/0.180  [0.75-1.00) 0.446/0.170  (21s)
  [32x16@p0.5] G ep  4  fill 0.3528  [0.00-0.25) 0.284/0.167  [0.25-0.50) 0.371/0.176  [0.50-0.75) 0.443/0.180  [0.75-1.00) 0.452/0.170  (27s) *
  [32x16@p0.5] G ep  5  fill 0.3516  [0.00-0.25) 0.279/0.167  [0.25-0.50) 0.376/0.176  [0.50-0.75) 0.440/0.180  [0.75-1.00) 0.453/0.170  (34s)
  [32x16@p0.5] G ep  6  fill 0.3546  [0.00-0.25) 0.279/0.167  [0.25-0.50) 0.376/0.176  [0.50-0.75) 0.450/0.180  [0.75-1.00) 0.472/0.170  (40s) *
  [32x16@p0.5] G ep  7  fill 0.3535  [0.00-0.25) 0.280/0.167  [0.25-0.50) 0.372/0.176  [0.50-0.75) 0.452/0.180  [0.75-1.00) 0.457/0.170  (47s)
  [32x16@p0.5] G ep  8  fill 0.3499  [0.00-0.25) 0.276/0.167  [0.25-0.50) 0.372/0.176  [0.50-0.75) 0.444/0.180  [0.75-1.00) 0.455/0.170  (53s)
  [32x16@p0.5] G ep  9  fill 0.3597  [0.00-0.25) 0.288/0.167  [0.25-0.50) 0.386/0.176  [0.50-0.75) 0.440/0.180  [0.75-1.00) 0.469/0.170  (59s) *
  [32x16@p0.5] G ep 10  fill 0.3481  [0.00-0.25) 0.275/0.167  [0.25-0.50) 0.365/0.176  [0.50-0.75) 0.448/0.180  [0.75-1.00) 0.454/0.170  (66s)
  [32x16@p0.5] G ep 11  fill 0.3565  [0.00-0.25) 0.284/0.167  [0.25-0.50) 0.373/0.176  [0.50-0.75) 0.457/0.180  [0.75-1.00) 0.462/0.170  (72s)
  [32x16@p0.5] G ep 12  fill 0.3559  [0.00-0.25) 0.278/0.167  [0.25-0.50) 0.376/0.176  [0.50-0.75) 0.459/0.180  [0.75-1.00) 0.470/0.170  (80s)
[32x16@p0.5] G FROZEN fill 0.3597 (prior 0.1725, lift +0.1872)
  [32x16@p0.5] pool wrong fraction 0.537
  [32x16@p0.5] R ep  1  repair 0.2865  preserve 0.8351 (maj 0.8767 / min 0.8269)  (8s) *
  [32x16@p0.5] R ep  2  repair 0.2854  preserve 0.8441 (maj 0.8787 / min 0.8372)  (15s)
  [32x16@p0.5] R ep  3  repair 0.2868  preserve 0.8420 (maj 0.8646 / min 0.8375)  (22s) *
  [32x16@p0.5] R ep  4  repair 0.2885  preserve 0.8378 (maj 0.8646 / min 0.8326)  (28s) *
  [32x16@p0.5] R ep  5  repair 0.2909  preserve 0.8346 (maj 0.8377 / min 0.8339)  (34s) *
  [32x16@p0.5] R ep  6  repair 0.2908  preserve 0.8354 (maj 0.8544 / min 0.8317)  (40s)
  [32x16@p0.5] R ep  7  repair 0.2907  preserve 0.8355 (maj 0.8548 / min 0.8317)  (47s)
  [32x16@p0.5] R ep  8  repair 0.2899  preserve 0.8308 (maj 0.8435 / min 0.8283)  (53s)
[32x16@p0.5] R FROZEN repair 0.2909  preserve 0.8346 (maj 0.8377 / min 0.8339)
[teach] 64x16@p0.5: 1040 lanes x 70 spaces x 16 ch
  [64x16@p0.5] G ep  1  fill 0.3204  [0.00-0.25) 0.251/0.151  [0.25-0.50) 0.342/0.155  [0.50-0.75) 0.406/0.160  [0.75-1.00) 0.421/0.161  (24s) *
  [64x16@p0.5] G ep  2  fill 0.3250  [0.00-0.25) 0.252/0.151  [0.25-0.50) 0.349/0.155  [0.50-0.75) 0.415/0.160  [0.75-1.00) 0.420/0.161  (45s) *
  [64x16@p0.5] G ep  3  fill 0.3294  [0.00-0.25) 0.259/0.151  [0.25-0.50) 0.352/0.155  [0.50-0.75) 0.421/0.160  [0.75-1.00) 0.419/0.161  (68s) *
  [64x16@p0.5] G ep  4  fill 0.3306  [0.00-0.25) 0.260/0.151  [0.25-0.50) 0.352/0.155  [0.50-0.75) 0.422/0.160  [0.75-1.00) 0.419/0.161  (90s) *
  [64x16@p0.5] G ep  5  fill 0.3298  [0.00-0.25) 0.260/0.151  [0.25-0.50) 0.350/0.155  [0.50-0.75) 0.423/0.160  [0.75-1.00) 0.420/0.161  (113s)
  [64x16@p0.5] G ep  6  fill 0.3316  [0.00-0.25) 0.257/0.151  [0.25-0.50) 0.355/0.155  [0.50-0.75) 0.426/0.160  [0.75-1.00) 0.432/0.161  (135s) *
  [64x16@p0.5] G ep  7  fill 0.3345  [0.00-0.25) 0.262/0.151  [0.25-0.50) 0.355/0.155  [0.50-0.75) 0.430/0.160  [0.75-1.00) 0.437/0.161  (157s) *
  [64x16@p0.5] G ep  8  fill 0.3397  [0.00-0.25) 0.269/0.151  [0.25-0.50) 0.359/0.155  [0.50-0.75) 0.433/0.160  [0.75-1.00) 0.437/0.161  (179s) *
  [64x16@p0.5] G ep  9  fill 0.3366  [0.00-0.25) 0.265/0.151  [0.25-0.50) 0.359/0.155  [0.50-0.75) 0.427/0.160  [0.75-1.00) 0.431/0.161  (201s)
  [64x16@p0.5] G ep 10  fill 0.3384  [0.00-0.25) 0.265/0.151  [0.25-0.50) 0.360/0.155  [0.50-0.75) 0.434/0.160  [0.75-1.00) 0.434/0.161  (223s)
  [64x16@p0.5] G ep 11  fill 0.3377  [0.00-0.25) 0.267/0.151  [0.25-0.50) 0.357/0.155  [0.50-0.75) 0.428/0.160  [0.75-1.00) 0.442/0.161  (247s)
[64x16@p0.5] G FROZEN fill 0.3397 (prior 0.1549, lift +0.1848)
  [64x16@p0.5] pool wrong fraction 0.544
  [64x16@p0.5] R ep  1  repair 0.2779  preserve 0.7428 (maj 0.8241 / min 0.7275)  (23s) *
  [64x16@p0.5] R ep  2  repair 0.2818  preserve 0.7481 (maj 0.8121 / min 0.7361)  (44s) *
  [64x16@p0.5] R ep  3  repair 0.2822  preserve 0.7502 (maj 0.8036 / min 0.7402)  (66s) *
  [64x16@p0.5] R ep  4  repair 0.2826  preserve 0.7484 (maj 0.7817 / min 0.7421)  (87s) *
  [64x16@p0.5] R ep  5  repair 0.2825  preserve 0.7450 (maj 0.7847 / min 0.7376)  (109s)
  [64x16@p0.5] R ep  6  repair 0.2845  preserve 0.7401 (maj 0.7947 / min 0.7298)  (131s) *
  [64x16@p0.5] R ep  7  repair 0.2868  preserve 0.7400 (maj 0.7881 / min 0.7310)  (152s) *
  [64x16@p0.5] R ep  8  repair 0.2855  preserve 0.7371 (maj 0.7611 / min 0.7325)  (174s)
  [64x16@p0.5] R ep  9  repair 0.2856  preserve 0.7359 (maj 0.7927 / min 0.7252)  (195s)
  [64x16@p0.5] R ep 10  repair 0.2853  preserve 0.7353 (maj 0.7641 / min 0.7298)  (218s)
[64x16@p0.5] R FROZEN repair 0.2868  preserve 0.7400 (maj 0.7881 / min 0.7310)

        point    fill    lift  repair pres-min
  128x16@p0.5  0.3065 +0.1708  0.2648   0.6055
   16x16@p0.5  0.3851 +0.2110  0.2802   0.8998
   32x16@p0.5  0.3597 +0.1872  0.2909   0.8339
   64x16@p0.5  0.3397 +0.1848  0.2868   0.7310
[teach] 128x16@p0.5: 2064 lanes x 134 spaces x 16 ch
  [128x16@p0.5] G ep  1  fill 0.2930  [0.00-0.25) 0.230/0.131  [0.25-0.50) 0.315/0.138  [0.50-0.75) 0.368/0.142  [0.75-1.00) 0.386/0.137  (39s) *
  [128x16@p0.5] G ep  2  fill 0.2996  [0.00-0.25) 0.235/0.131  [0.25-0.50) 0.322/0.138  [0.50-0.75) 0.376/0.142  [0.75-1.00) 0.391/0.137  (79s) *
  [128x16@p0.5] G ep  3  fill 0.2984  [0.00-0.25) 0.236/0.131  [0.25-0.50) 0.320/0.138  [0.50-0.75) 0.373/0.142  [0.75-1.00) 0.389/0.137  (118s)
  [128x16@p0.5] G ep  4  fill 0.3010  [0.00-0.25) 0.239/0.131  [0.25-0.50) 0.320/0.138  [0.50-0.75) 0.377/0.142  [0.75-1.00) 0.390/0.137  (156s) *
  [128x16@p0.5] G ep  5  fill 0.3012  [0.00-0.25) 0.240/0.131  [0.25-0.50) 0.321/0.138  [0.50-0.75) 0.375/0.142  [0.75-1.00) 0.392/0.137  (194s) *
  [128x16@p0.5] G ep  6  fill 0.3049  [0.00-0.25) 0.242/0.131  [0.25-0.50) 0.327/0.138  [0.50-0.75) 0.377/0.142  [0.75-1.00) 0.401/0.137  (234s) *
  [128x16@p0.5] G ep  7  fill 0.3028  [0.00-0.25) 0.239/0.131  [0.25-0.50) 0.324/0.138  [0.50-0.75) 0.380/0.142  [0.75-1.00) 0.393/0.137  (275s)
  [128x16@p0.5] G ep  8  fill 0.3039  [0.00-0.25) 0.241/0.131  [0.25-0.50) 0.328/0.138  [0.50-0.75) 0.376/0.142  [0.75-1.00) 0.395/0.137  (320s)
  [128x16@p0.5] G ep  9  fill 0.3055  [0.00-0.25) 0.243/0.131  [0.25-0.50) 0.328/0.138  [0.50-0.75) 0.379/0.142  [0.75-1.00) 0.398/0.137  (374s) *
  [128x16@p0.5] G ep 10  fill 0.3027  [0.00-0.25) 0.240/0.131  [0.25-0.50) 0.326/0.138  [0.50-0.75) 0.372/0.142  [0.75-1.00) 0.401/0.137  (461s)
  [128x16@p0.5] G ep 11  fill 0.3063  [0.00-0.25) 0.243/0.131  [0.25-0.50) 0.328/0.138  [0.50-0.75) 0.379/0.142  [0.75-1.00) 0.401/0.137  (568s) *
  [128x16@p0.5] G ep 12  fill 0.3065  [0.00-0.25) 0.244/0.131  [0.25-0.50) 0.325/0.138  [0.50-0.75) 0.386/0.142  [0.75-1.00) 0.400/0.137  (644s) *
  [128x16@p0.5] G ep 13  fill 0.3057  [0.00-0.25) 0.243/0.131  [0.25-0.50) 0.328/0.138  [0.50-0.75) 0.378/0.142  [0.75-1.00) 0.406/0.137  (709s)
  [128x16@p0.5] G ep 14  fill 0.3042  [0.00-0.25) 0.241/0.131  [0.25-0.50) 0.326/0.138  [0.50-0.75) 0.378/0.142  [0.75-1.00) 0.406/0.137  (766s)
  [128x16@p0.5] G ep 15  fill 0.3063  [0.00-0.25) 0.245/0.131  [0.25-0.50) 0.325/0.138  [0.50-0.75) 0.383/0.142  [0.75-1.00) 0.400/0.137  (822s)
[128x16@p0.5] G FROZEN fill 0.3065 (prior 0.1358, lift +0.1708)
  [128x16@p0.5] pool wrong fraction 0.531
  [128x16@p0.5] R ep  1  repair 0.2528  preserve 0.6099 (maj 0.7215 / min 0.5912)  (48s) *
  [128x16@p0.5] R ep  2  repair 0.2565  preserve 0.6274 (maj 0.7111 / min 0.6135)  (91s) *
  [128x16@p0.5] R ep  3  repair 0.2599  preserve 0.6269 (maj 0.7027 / min 0.6143)  (137s) *
  [128x16@p0.5] R ep  4  repair 0.2600  preserve 0.6225 (maj 0.6893 / min 0.6113)  (180s) *
  [128x16@p0.5] R ep  5  repair 0.2621  preserve 0.6172 (maj 0.6821 / min 0.6064)  (224s) *
  [128x16@p0.5] R ep  6  repair 0.2645  preserve 0.6193 (maj 0.6845 / min 0.6085)  (269s) *
  [128x16@p0.5] R ep  7  repair 0.2633  preserve 0.6130 (maj 0.6936 / min 0.5996)  (312s)
  [128x16@p0.5] R ep  8  repair 0.2635  preserve 0.6092 (maj 0.6751 / min 0.5982)  (353s)
  [128x16@p0.5] R ep  9  repair 0.2639  preserve 0.6108 (maj 0.6712 / min 0.6007)  (394s)
[128x16@p0.5] R FROZEN repair 0.2645  preserve 0.6193 (maj 0.6845 / min 0.6085)

        point    fill    lift  repair pres-min
  128x16@p0.5  0.3065 +0.1708  0.2645   0.6085
   16x16@p0.5  0.3851 +0.2110  0.2802   0.8998
   32x16@p0.5  0.3597 +0.1872  0.2909   0.8339
   64x16@p0.5  0.3397 +0.1848  0.2868   0.7310
[teach] 16x16@p0.75 has no codes yet — run 01 first; skipped
[teach] 32x16@p0.75 has no codes yet — run 01 first; skipped
[teach] 64x16@p0.75 has no codes yet — run 01 first; skipped
[teach] 128x16@p0.75 has no codes yet — run 01 first; skipped
[teach] 16x16@p0.5: 272 lanes x 22 spaces x 16 ch
  [16x16@p0.5] G ep  1  fill 0.3642  [0.00-0.25) 0.284/0.174  [0.25-0.50) 0.386/0.183  [0.50-0.75) 0.465/0.170  [0.75-1.00) 0.491/0.144  (3s) *
  [16x16@p0.5] G ep  2  fill 0.3659  [0.00-0.25) 0.293/0.174  [0.25-0.50) 0.378/0.183  [0.50-0.75) 0.467/0.170  [0.75-1.00) 0.489/0.144  (6s) *
  [16x16@p0.5] G ep  3  fill 0.3633  [0.00-0.25) 0.283/0.174  [0.25-0.50) 0.393/0.183  [0.50-0.75) 0.456/0.170  [0.75-1.00) 0.481/0.144  (9s)
  [16x16@p0.5] G ep  4  fill 0.3732  [0.00-0.25) 0.294/0.174  [0.25-0.50) 0.393/0.183  [0.50-0.75) 0.477/0.170  [0.75-1.00) 0.495/0.144  (12s) *
  [16x16@p0.5] G ep  5  fill 0.3694  [0.00-0.25) 0.301/0.174  [0.25-0.50) 0.383/0.183  [0.50-0.75) 0.464/0.170  [0.75-1.00) 0.474/0.144  (15s)
  [16x16@p0.5] G ep  6  fill 0.3851  [0.00-0.25) 0.310/0.174  [0.25-0.50) 0.412/0.183  [0.50-0.75) 0.475/0.170  [0.75-1.00) 0.492/0.144  (19s) *
  [16x16@p0.5] G ep  7  fill 0.3732  [0.00-0.25) 0.298/0.174  [0.25-0.50) 0.397/0.183  [0.50-0.75) 0.465/0.170  [0.75-1.00) 0.483/0.144  (22s)
  [16x16@p0.5] G ep  8  fill 0.3771  [0.00-0.25) 0.305/0.174  [0.25-0.50) 0.400/0.183  [0.50-0.75) 0.461/0.170  [0.75-1.00) 0.496/0.144  (25s)
  [16x16@p0.5] G ep  9  fill 0.3642  [0.00-0.25) 0.283/0.174  [0.25-0.50) 0.386/0.183  [0.50-0.75) 0.467/0.170  [0.75-1.00) 0.497/0.144  (28s)
[16x16@p0.5] G FROZEN fill 0.3851 (prior 0.1740, lift +0.2110)
  [16x16@p0.5] pool wrong fraction 0.511
  [16x16@p0.5] R ep  1  repair 0.2737  preserve 0.8843 (maj 0.9234 / min 0.8765)  (3s) *
  [16x16@p0.5] R ep  2  repair 0.2666  preserve 0.8922 (maj 0.9494 / min 0.8807)  (6s)
  [16x16@p0.5] R ep  3  repair 0.2699  preserve 0.8946 (maj 0.9328 / min 0.8870)  (9s)
  [16x16@p0.5] R ep  4  repair 0.2695  preserve 0.8904 (maj 0.9136 / min 0.8858)  (12s)
[16x16@p0.5] R FROZEN repair 0.2737  preserve 0.8843 (maj 0.9234 / min 0.8765)
[teach] 32x16@p0.5: 528 lanes x 38 spaces x 16 ch
  [32x16@p0.5] G ep  1  fill 0.3410  [0.00-0.25) 0.273/0.167  [0.25-0.50) 0.359/0.176  [0.50-0.75) 0.432/0.180  [0.75-1.00) 0.435/0.170  (6s) *
  [32x16@p0.5] G ep  2  fill 0.3482  [0.00-0.25) 0.271/0.167  [0.25-0.50) 0.374/0.176  [0.50-0.75) 0.440/0.180  [0.75-1.00) 0.464/0.170  (13s) *
  [32x16@p0.5] G ep  3  fill 0.3475  [0.00-0.25) 0.272/0.167  [0.25-0.50) 0.368/0.176  [0.50-0.75) 0.448/0.180  [0.75-1.00) 0.446/0.170  (20s)
  [32x16@p0.5] G ep  4  fill 0.3528  [0.00-0.25) 0.284/0.167  [0.25-0.50) 0.371/0.176  [0.50-0.75) 0.443/0.180  [0.75-1.00) 0.452/0.170  (27s) *
  [32x16@p0.5] G ep  5  fill 0.3516  [0.00-0.25) 0.279/0.167  [0.25-0.50) 0.376/0.176  [0.50-0.75) 0.440/0.180  [0.75-1.00) 0.453/0.170  (34s)
  [32x16@p0.5] G ep  6  fill 0.3546  [0.00-0.25) 0.279/0.167  [0.25-0.50) 0.376/0.176  [0.50-0.75) 0.450/0.180  [0.75-1.00) 0.472/0.170  (40s) *
  [32x16@p0.5] G ep  7  fill 0.3535  [0.00-0.25) 0.280/0.167  [0.25-0.50) 0.372/0.176  [0.50-0.75) 0.452/0.180  [0.75-1.00) 0.457/0.170  (47s)
  [32x16@p0.5] G ep  8  fill 0.3499  [0.00-0.25) 0.276/0.167  [0.25-0.50) 0.372/0.176  [0.50-0.75) 0.444/0.180  [0.75-1.00) 0.455/0.170  (54s)
  [32x16@p0.5] G ep  9  fill 0.3597  [0.00-0.25) 0.288/0.167  [0.25-0.50) 0.386/0.176  [0.50-0.75) 0.440/0.180  [0.75-1.00) 0.469/0.170  (61s) *
  [32x16@p0.5] G ep 10  fill 0.3481  [0.00-0.25) 0.275/0.167  [0.25-0.50) 0.365/0.176  [0.50-0.75) 0.448/0.180  [0.75-1.00) 0.454/0.170  (68s)
  [32x16@p0.5] G ep 11  fill 0.3565  [0.00-0.25) 0.284/0.167  [0.25-0.50) 0.373/0.176  [0.50-0.75) 0.457/0.180  [0.75-1.00) 0.462/0.170  (75s)
  [32x16@p0.5] G ep 12  fill 0.3559  [0.00-0.25) 0.278/0.167  [0.25-0.50) 0.376/0.176  [0.50-0.75) 0.459/0.180  [0.75-1.00) 0.470/0.170  (81s)
[32x16@p0.5] G FROZEN fill 0.3597 (prior 0.1725, lift +0.1872)
  [32x16@p0.5] pool wrong fraction 0.531
  [32x16@p0.5] R ep  1  repair 0.2820  preserve 0.8104 (maj 0.8316 / min 0.8061)  (7s) *
  [32x16@p0.5] R ep  2  repair 0.2820  preserve 0.8240 (maj 0.8577 / min 0.8172)  (14s)
  [32x16@p0.5] R ep  3  repair 0.2811  preserve 0.8234 (maj 0.8370 / min 0.8207)  (22s)
  [32x16@p0.5] R ep  4  repair 0.2819  preserve 0.8198 (maj 0.8399 / min 0.8158)  (29s)
[32x16@p0.5] R FROZEN repair 0.2820  preserve 0.8104 (maj 0.8316 / min 0.8061)
[teach] 64x16@p0.5: 1040 lanes x 70 spaces x 16 ch
  [64x16@p0.5] G ep  1  fill 0.3204  [0.00-0.25) 0.251/0.151  [0.25-0.50) 0.342/0.155  [0.50-0.75) 0.406/0.160  [0.75-1.00) 0.421/0.161  (23s) *
  [64x16@p0.5] G ep  2  fill 0.3250  [0.00-0.25) 0.252/0.151  [0.25-0.50) 0.349/0.155  [0.50-0.75) 0.415/0.160  [0.75-1.00) 0.420/0.161  (47s) *
  [64x16@p0.5] G ep  3  fill 0.3294  [0.00-0.25) 0.259/0.151  [0.25-0.50) 0.352/0.155  [0.50-0.75) 0.421/0.160  [0.75-1.00) 0.419/0.161  (72s) *
  [64x16@p0.5] G ep  4  fill 0.3306  [0.00-0.25) 0.260/0.151  [0.25-0.50) 0.352/0.155  [0.50-0.75) 0.422/0.160  [0.75-1.00) 0.419/0.161  (96s) *
  [64x16@p0.5] G ep  5  fill 0.3298  [0.00-0.25) 0.260/0.151  [0.25-0.50) 0.350/0.155  [0.50-0.75) 0.423/0.160  [0.75-1.00) 0.420/0.161  (130s)
  [64x16@p0.5] G ep  6  fill 0.3316  [0.00-0.25) 0.257/0.151  [0.25-0.50) 0.355/0.155  [0.50-0.75) 0.426/0.160  [0.75-1.00) 0.432/0.161  (169s) *
  [64x16@p0.5] G ep  7  fill 0.3345  [0.00-0.25) 0.262/0.151  [0.25-0.50) 0.355/0.155  [0.50-0.75) 0.430/0.160  [0.75-1.00) 0.437/0.161  (206s) *
  [64x16@p0.5] G ep  8  fill 0.3397  [0.00-0.25) 0.269/0.151  [0.25-0.50) 0.359/0.155  [0.50-0.75) 0.433/0.160  [0.75-1.00) 0.437/0.161  (243s) *
  [64x16@p0.5] G ep  9  fill 0.3366  [0.00-0.25) 0.265/0.151  [0.25-0.50) 0.359/0.155  [0.50-0.75) 0.427/0.160  [0.75-1.00) 0.431/0.161  (281s)
  [64x16@p0.5] G ep 10  fill 0.3384  [0.00-0.25) 0.265/0.151  [0.25-0.50) 0.360/0.155  [0.50-0.75) 0.434/0.160  [0.75-1.00) 0.434/0.161  (318s)
  [64x16@p0.5] G ep 11  fill 0.3377  [0.00-0.25) 0.267/0.151  [0.25-0.50) 0.357/0.155  [0.50-0.75) 0.428/0.160  [0.75-1.00) 0.442/0.161  (355s)
[64x16@p0.5] G FROZEN fill 0.3397 (prior 0.1549, lift +0.1848)
  [64x16@p0.5] pool wrong fraction 0.548
  [64x16@p0.5] R ep  1  repair 0.2792  preserve 0.7262 (maj 0.7938 / min 0.7134)  (39s) *
  [64x16@p0.5] R ep  2  repair 0.2842  preserve 0.7346 (maj 0.7942 / min 0.7234)  (80s) *
  [64x16@p0.5] R ep  3  repair 0.2855  preserve 0.7352 (maj 0.7917 / min 0.7245)  (120s) *
  [64x16@p0.5] R ep  4  repair 0.2855  preserve 0.7328 (maj 0.7658 / min 0.7266)  (162s)
  [64x16@p0.5] R ep  5  repair 0.2859  preserve 0.7289 (maj 0.7681 / min 0.7215)  (207s) *
  [64x16@p0.5] R ep  6  repair 0.2857  preserve 0.7265 (maj 0.7689 / min 0.7185)  (255s)
  [64x16@p0.5] R ep  7  repair 0.2873  preserve 0.7263 (maj 0.7715 / min 0.7178)  (302s) *
  [64x16@p0.5] R ep  8  repair 0.2882  preserve 0.7220 (maj 0.7420 / min 0.7183)  (348s) *
  [64x16@p0.5] R ep  9  repair 0.2888  preserve 0.7244 (maj 0.7784 / min 0.7143)  (391s) *
  [64x16@p0.5] R ep 10  repair 0.2881  preserve 0.7195 (maj 0.7456 / min 0.7146)  (432s)
  [64x16@p0.5] R ep 11  repair 0.2895  preserve 0.7176 (maj 0.7426 / min 0.7129)  (472s) *
  [64x16@p0.5] R ep 12  repair 0.2885  preserve 0.7187 (maj 0.7566 / min 0.7116)  (513s)
  [64x16@p0.5] R ep 13  repair 0.2905  preserve 0.7155 (maj 0.7609 / min 0.7069)  (554s) *
  [64x16@p0.5] R ep 14  repair 0.2907  preserve 0.7152 (maj 0.7659 / min 0.7056)  (594s) *
  [64x16@p0.5] R ep 15  repair 0.2893  preserve 0.7161 (maj 0.7559 / min 0.7086)  (634s)
[64x16@p0.5] R FROZEN repair 0.2907  preserve 0.7152 (maj 0.7659 / min 0.7056)
[teach] 128x16@p0.5 cached  G fill 0.3065  R repair 0.2693
[teach] 16x32@p0.5 has no codes yet — run 01 first; skipped
[teach] 32x32@p0.5 has no codes yet — run 01 first; skipped
[teach] 64x32@p0.5 has no codes yet — run 01 first; skipped
[teach] 64x16@p1.0 has no codes yet — run 01 first; skipped

        point    fill    lift  repair pres-min
  128x16@p0.5  0.3065 +0.1708  0.2693   0.5880
   16x16@p0.5  0.3851 +0.2110  0.2737   0.8765
   32x16@p0.5  0.3597 +0.1872  0.2820   0.8061
   64x16@p0.5  0.3397 +0.1848  0.2907   0.7056
[teach] 16x16@p0.75: 272 lanes x 22 spaces x 16 ch
  [16x16@p0.75] G ep  1  fill 0.2361  [0.00-0.25) 0.201/0.142  [0.25-0.50) 0.243/0.151  [0.50-0.75) 0.281/0.146  [0.75-1.00) 0.304/0.147  (3s) *
  [16x16@p0.75] G ep  2  fill 0.2404  [0.00-0.25) 0.201/0.142  [0.25-0.50) 0.245/0.151  [0.50-0.75) 0.304/0.146  [0.75-1.00) 0.290/0.147  (6s) *
  [16x16@p0.75] G ep  3  fill 0.2479  [0.00-0.25) 0.206/0.142  [0.25-0.50) 0.262/0.151  [0.50-0.75) 0.294/0.146  [0.75-1.00) 0.321/0.147  (9s) *
  [16x16@p0.75] G ep  4  fill 0.2367  [0.00-0.25) 0.190/0.142  [0.25-0.50) 0.252/0.151  [0.50-0.75) 0.299/0.146  [0.75-1.00) 0.292/0.147  (12s)
  [16x16@p0.75] G ep  5  fill 0.2448  [0.00-0.25) 0.195/0.142  [0.25-0.50) 0.260/0.151  [0.50-0.75) 0.308/0.146  [0.75-1.00) 0.312/0.147  (15s)
  [16x16@p0.75] G ep  6  fill 0.2492  [0.00-0.25) 0.204/0.142  [0.25-0.50) 0.261/0.151  [0.50-0.75) 0.309/0.146  [0.75-1.00) 0.314/0.147  (18s) *
  [16x16@p0.75] G ep  7  fill 0.2468  [0.00-0.25) 0.203/0.142  [0.25-0.50) 0.264/0.151  [0.50-0.75) 0.295/0.146  [0.75-1.00) 0.310/0.147  (20s)
  [16x16@p0.75] G ep  8  fill 0.2580  [0.00-0.25) 0.212/0.142  [0.25-0.50) 0.271/0.151  [0.50-0.75) 0.314/0.146  [0.75-1.00) 0.336/0.147  (23s) *
  [16x16@p0.75] G ep  9  fill 0.2359  [0.00-0.25) 0.194/0.142  [0.25-0.50) 0.243/0.151  [0.50-0.75) 0.294/0.146  [0.75-1.00) 0.310/0.147  (26s)
  [16x16@p0.75] G ep 10  fill 0.2623  [0.00-0.25) 0.223/0.142  [0.25-0.50) 0.271/0.151  [0.50-0.75) 0.317/0.146  [0.75-1.00) 0.315/0.147  (29s) *
  [16x16@p0.75] G ep 11  fill 0.2462  [0.00-0.25) 0.212/0.142  [0.25-0.50) 0.253/0.151  [0.50-0.75) 0.294/0.146  [0.75-1.00) 0.295/0.147  (32s)
  [16x16@p0.75] G ep 12  fill 0.2498  [0.00-0.25) 0.208/0.142  [0.25-0.50) 0.260/0.151  [0.50-0.75) 0.303/0.146  [0.75-1.00) 0.317/0.147  (35s)
  [16x16@p0.75] G ep 13  fill 0.2496  [0.00-0.25) 0.207/0.142  [0.25-0.50) 0.259/0.151  [0.50-0.75) 0.299/0.146  [0.75-1.00) 0.341/0.147  (38s)
[16x16@p0.75] G FROZEN fill 0.2623 (prior 0.1460, lift +0.1163)
  [16x16@p0.75] pool wrong fraction 0.528
  [16x16@p0.75] R ep  1  repair 0.1613  preserve 0.8891 (maj 0.9580 / min 0.8777)  (3s) *
  [16x16@p0.75] R ep  2  repair 0.1556  preserve 0.8913 (maj 0.9602 / min 0.8798)  (6s)
  [16x16@p0.75] R ep  3  repair 0.1623  preserve 0.8843 (maj 0.9545 / min 0.8726)  (9s) *
  [16x16@p0.75] R ep  4  repair 0.1558  preserve 0.8904 (maj 0.9646 / min 0.8780)  (12s)
  [16x16@p0.75] R ep  5  repair 0.1612  preserve 0.8920 (maj 0.9593 / min 0.8808)  (15s)
  [16x16@p0.75] R ep  6  repair 0.1599  preserve 0.8941 (maj 0.9650 / min 0.8823)  (19s)
[16x16@p0.75] R FROZEN repair 0.1623  preserve 0.8843 (maj 0.9545 / min 0.8726)
[teach] 32x16@p0.75: 528 lanes x 38 spaces x 16 ch
  [32x16@p0.75] G ep  1  fill 0.2049  [0.00-0.25) 0.166/0.124  [0.25-0.50) 0.214/0.129  [0.50-0.75) 0.255/0.140  [0.75-1.00) 0.275/0.136  (7s) *
  [32x16@p0.75] G ep  2  fill 0.2113  [0.00-0.25) 0.173/0.124  [0.25-0.50) 0.218/0.129  [0.50-0.75) 0.262/0.140  [0.75-1.00) 0.282/0.136  (15s) *
  [32x16@p0.75] G ep  3  fill 0.2195  [0.00-0.25) 0.182/0.124  [0.25-0.50) 0.229/0.129  [0.50-0.75) 0.267/0.140  [0.75-1.00) 0.285/0.136  (22s) *
  [32x16@p0.75] G ep  4  fill 0.2143  [0.00-0.25) 0.173/0.124  [0.25-0.50) 0.226/0.129  [0.50-0.75) 0.268/0.140  [0.75-1.00) 0.273/0.136  (27s)
  [32x16@p0.75] G ep  5  fill 0.2178  [0.00-0.25) 0.177/0.124  [0.25-0.50) 0.226/0.129  [0.50-0.75) 0.265/0.140  [0.75-1.00) 0.310/0.136  (33s)
  [32x16@p0.75] G ep  6  fill 0.2177  [0.00-0.25) 0.179/0.124  [0.25-0.50) 0.222/0.129  [0.50-0.75) 0.272/0.140  [0.75-1.00) 0.290/0.136  (39s)
[32x16@p0.75] G FROZEN fill 0.2195 (prior 0.1295, lift +0.0900)
  [32x16@p0.75] pool wrong fraction 0.544
  [32x16@p0.75] R ep  1  repair 0.1443  preserve 0.8199 (maj 0.8863 / min 0.8103)  (5s) *
  [32x16@p0.75] R ep  2  repair 0.1442  preserve 0.8396 (maj 0.9145 / min 0.8287)  (9s)
  [32x16@p0.75] R ep  3  repair 0.1408  preserve 0.8384 (maj 0.8920 / min 0.8306)  (17s)
  [32x16@p0.75] R ep  4  repair 0.1428  preserve 0.8364 (maj 0.8996 / min 0.8272)  (29s)
[32x16@p0.75] R FROZEN repair 0.1443  preserve 0.8199 (maj 0.8863 / min 0.8103)
[teach] 64x16@p0.75: 1040 lanes x 70 spaces x 16 ch
  [64x16@p0.75] G ep  1  fill 0.1753  [0.00-0.25) 0.142/0.105  [0.25-0.50) 0.186/0.111  [0.50-0.75) 0.215/0.108  [0.75-1.00) 0.228/0.111  (30s) *
  [64x16@p0.75] G ep  2  fill 0.1796  [0.00-0.25) 0.150/0.105  [0.25-0.50) 0.186/0.111  [0.50-0.75) 0.221/0.108  [0.75-1.00) 0.224/0.111  (60s) *
  [64x16@p0.75] G ep  3  fill 0.1778  [0.00-0.25) 0.147/0.105  [0.25-0.50) 0.185/0.111  [0.50-0.75) 0.219/0.108  [0.75-1.00) 0.226/0.111  (89s)
  [64x16@p0.75] G ep  4  fill 0.1817  [0.00-0.25) 0.145/0.105  [0.25-0.50) 0.196/0.111  [0.50-0.75) 0.223/0.108  [0.75-1.00) 0.231/0.111  (119s) *
  [64x16@p0.75] G ep  5  fill 0.1810  [0.00-0.25) 0.147/0.105  [0.25-0.50) 0.192/0.111  [0.50-0.75) 0.220/0.108  [0.75-1.00) 0.236/0.111  (148s)
  [64x16@p0.75] G ep  6  fill 0.1819  [0.00-0.25) 0.151/0.105  [0.25-0.50) 0.190/0.111  [0.50-0.75) 0.221/0.108  [0.75-1.00) 0.233/0.111  (177s) *
  [64x16@p0.75] G ep  7  fill 0.1847  [0.00-0.25) 0.153/0.105  [0.25-0.50) 0.198/0.111  [0.50-0.75) 0.220/0.108  [0.75-1.00) 0.225/0.111  (195s) *
  [64x16@p0.75] G ep  8  fill 0.1835  [0.00-0.25) 0.150/0.105  [0.25-0.50) 0.193/0.111  [0.50-0.75) 0.225/0.108  [0.75-1.00) 0.236/0.111  (221s)
  [64x16@p0.75] G ep  9  fill 0.1867  [0.00-0.25) 0.154/0.105  [0.25-0.50) 0.198/0.111  [0.50-0.75) 0.225/0.108  [0.75-1.00) 0.238/0.111  (253s) *
  [64x16@p0.75] G ep 10  fill 0.1836  [0.00-0.25) 0.151/0.105  [0.25-0.50) 0.196/0.111  [0.50-0.75) 0.218/0.108  [0.75-1.00) 0.242/0.111  (283s)
  [64x16@p0.75] G ep 11  fill 0.1872  [0.00-0.25) 0.153/0.105  [0.25-0.50) 0.197/0.111  [0.50-0.75) 0.230/0.108  [0.75-1.00) 0.244/0.111  (315s) *
  [64x16@p0.75] G ep 12  fill 0.1881  [0.00-0.25) 0.155/0.105  [0.25-0.50) 0.198/0.111  [0.50-0.75) 0.227/0.108  [0.75-1.00) 0.240/0.111  (351s) *
  [64x16@p0.75] G ep 13  fill 0.1838  [0.00-0.25) 0.153/0.105  [0.25-0.50) 0.192/0.111  [0.50-0.75) 0.224/0.108  [0.75-1.00) 0.228/0.111  (391s)
  [64x16@p0.75] G ep 14  fill 0.1864  [0.00-0.25) 0.156/0.105  [0.25-0.50) 0.193/0.111  [0.50-0.75) 0.227/0.108  [0.75-1.00) 0.236/0.111  (422s)
  [64x16@p0.75] G ep 15  fill 0.1837  [0.00-0.25) 0.150/0.105  [0.25-0.50) 0.194/0.111  [0.50-0.75) 0.223/0.108  [0.75-1.00) 0.237/0.111  (448s)
[64x16@p0.75] G FROZEN fill 0.1881 (prior 0.1078, lift +0.0803)
  [64x16@p0.75] pool wrong fraction 0.563
  [64x16@p0.75] R ep  1  repair 0.1276  preserve 0.7105 (maj 0.7738 / min 0.7026)  (31s) *
  [64x16@p0.75] R ep  2  repair 0.1264  preserve 0.7420 (maj 0.7893 / min 0.7362)  (62s)
  [64x16@p0.75] R ep  3  repair 0.1248  preserve 0.7516 (maj 0.7962 / min 0.7461)  (91s)
  [64x16@p0.75] R ep  4  repair 0.1252  preserve 0.7532 (maj 0.7621 / min 0.7521)  (122s)
[64x16@p0.75] R FROZEN repair 0.1276  preserve 0.7105 (maj 0.7738 / min 0.7026)
[teach] 128x16@p0.75: 2064 lanes x 134 spaces x 16 ch
  [128x16@p0.75] G ep  1  fill 0.1572  [0.00-0.25) 0.128/0.101  [0.25-0.50) 0.166/0.103  [0.50-0.75) 0.193/0.109  [0.75-1.00) 0.203/0.104  (62s) *
  [128x16@p0.75] G ep  2  fill 0.1618  [0.00-0.25) 0.133/0.101  [0.25-0.50) 0.171/0.103  [0.50-0.75) 0.196/0.109  [0.75-1.00) 0.211/0.104  (135s) *
  [128x16@p0.75] G ep  3  fill 0.1608  [0.00-0.25) 0.130/0.101  [0.25-0.50) 0.171/0.103  [0.50-0.75) 0.198/0.109  [0.75-1.00) 0.207/0.104  (210s)
  [128x16@p0.75] G ep  4  fill 0.1648  [0.00-0.25) 0.136/0.101  [0.25-0.50) 0.172/0.103  [0.50-0.75) 0.200/0.109  [0.75-1.00) 0.214/0.104  (277s) *
  [128x16@p0.75] G ep  5  fill 0.1636  [0.00-0.25) 0.132/0.101  [0.25-0.50) 0.175/0.103  [0.50-0.75) 0.200/0.109  [0.75-1.00) 0.209/0.104  (343s)
  [128x16@p0.75] G ep  6  fill 0.1652  [0.00-0.25) 0.136/0.101  [0.25-0.50) 0.174/0.103  [0.50-0.75) 0.200/0.109  [0.75-1.00) 0.213/0.104  (418s) *
  [128x16@p0.75] G ep  7  fill 0.1668  [0.00-0.25) 0.139/0.101  [0.25-0.50) 0.176/0.103  [0.50-0.75) 0.199/0.109  [0.75-1.00) 0.214/0.104  (494s) *
  [128x16@p0.75] G ep  8  fill 0.1662  [0.00-0.25) 0.137/0.101  [0.25-0.50) 0.175/0.103  [0.50-0.75) 0.200/0.109  [0.75-1.00) 0.214/0.104  (559s)
  [128x16@p0.75] G ep  9  fill 0.1643  [0.00-0.25) 0.135/0.101  [0.25-0.50) 0.173/0.103  [0.50-0.75) 0.199/0.109  [0.75-1.00) 0.216/0.104  (628s)
  [128x16@p0.75] G ep 10  fill 0.1638  [0.00-0.25) 0.136/0.101  [0.25-0.50) 0.170/0.103  [0.50-0.75) 0.198/0.109  [0.75-1.00) 0.219/0.104  (704s)
[128x16@p0.75] G FROZEN fill 0.1668 (prior 0.1036, lift +0.0632)
  [128x16@p0.75] pool wrong fraction 0.568
  [128x16@p0.75] R ep  1  repair 0.1260  preserve 0.5076 (maj 0.5557 / min 0.5021)  (65s) *
  [128x16@p0.75] R ep  2  repair 0.1246  preserve 0.5557 (maj 0.6040 / min 0.5501)  (141s)
  [128x16@p0.75] R ep  3  repair 0.1237  preserve 0.5760 (maj 0.6069 / min 0.5724)  (216s)
  [128x16@p0.75] R ep  4  repair 0.1233  preserve 0.5789 (maj 0.5303 / min 0.5846)  (280s)
[128x16@p0.75] R FROZEN repair 0.1260  preserve 0.5076 (maj 0.5557 / min 0.5021)
[teach] 16x16@p0.5 cached  G fill 0.3851  R repair 0.2737
[teach] 32x16@p0.5 cached  G fill 0.3597  R repair 0.2820
[teach] 64x16@p0.5 cached  G fill 0.3397  R repair 0.2907
[teach] 128x16@p0.5 cached  G fill 0.3065  R repair 0.2693
[teach] 16x32@p0.5: 544 lanes x 22 spaces x 32 ch
  [16x32@p0.5] G ep  1  fill 0.2543  [0.00-0.25) 0.185/0.099  [0.25-0.50) 0.266/0.097  [0.50-0.75) 0.343/0.115  [0.75-1.00) 0.394/0.088  (13s) *
  [16x32@p0.5] G ep  2  fill 0.2671  [0.00-0.25) 0.198/0.099  [0.25-0.50) 0.284/0.097  [0.50-0.75) 0.350/0.115  [0.75-1.00) 0.401/0.088  (25s) *
  [16x32@p0.5] G ep  3  fill 0.2766  [0.00-0.25) 0.197/0.099  [0.25-0.50) 0.293/0.097  [0.50-0.75) 0.385/0.115  [0.75-1.00) 0.404/0.088  (37s) *
  [16x32@p0.5] G ep  4  fill 0.2772  [0.00-0.25) 0.204/0.099  [0.25-0.50) 0.303/0.097  [0.50-0.75) 0.354/0.115  [0.75-1.00) 0.418/0.088  (49s) *
  [16x32@p0.5] G ep  5  fill 0.2766  [0.00-0.25) 0.198/0.099  [0.25-0.50) 0.299/0.097  [0.50-0.75) 0.370/0.115  [0.75-1.00) 0.418/0.088  (63s)
  [16x32@p0.5] G ep  6  fill 0.2777  [0.00-0.25) 0.202/0.099  [0.25-0.50) 0.297/0.097  [0.50-0.75) 0.370/0.115  [0.75-1.00) 0.410/0.088  (76s) *
  [16x32@p0.5] G ep  7  fill 0.2734  [0.00-0.25) 0.199/0.099  [0.25-0.50) 0.286/0.097  [0.50-0.75) 0.376/0.115  [0.75-1.00) 0.402/0.088  (90s)
  [16x32@p0.5] G ep  8  fill 0.2854  [0.00-0.25) 0.210/0.099  [0.25-0.50) 0.308/0.097  [0.50-0.75) 0.375/0.115  [0.75-1.00) 0.411/0.088  (103s) *
  [16x32@p0.5] G ep  9  fill 0.2754  [0.00-0.25) 0.199/0.099  [0.25-0.50) 0.293/0.097  [0.50-0.75) 0.369/0.115  [0.75-1.00) 0.423/0.088  (117s)
  [16x32@p0.5] G ep 10  fill 0.2922  [0.00-0.25) 0.214/0.099  [0.25-0.50) 0.311/0.097  [0.50-0.75) 0.385/0.115  [0.75-1.00) 0.450/0.088  (130s) *
  [16x32@p0.5] G ep 11  fill 0.2797  [0.00-0.25) 0.201/0.099  [0.25-0.50) 0.299/0.097  [0.50-0.75) 0.378/0.115  [0.75-1.00) 0.419/0.088  (144s)
  [16x32@p0.5] G ep 12  fill 0.2919  [0.00-0.25) 0.211/0.099  [0.25-0.50) 0.312/0.097  [0.50-0.75) 0.390/0.115  [0.75-1.00) 0.443/0.088  (158s)
  [16x32@p0.5] G ep 13  fill 0.2913  [0.00-0.25) 0.213/0.099  [0.25-0.50) 0.320/0.097  [0.50-0.75) 0.379/0.115  [0.75-1.00) 0.414/0.088  (171s)
[16x32@p0.5] G FROZEN fill 0.2922 (prior 0.1013, lift +0.1909)
  [16x32@p0.5] pool wrong fraction 0.539
  [16x32@p0.5] R ep  1  repair 0.1873  preserve 0.8904 (maj 0.9520 / min 0.8836)  (8s) *
  [16x32@p0.5] R ep  2  repair 0.1945  preserve 0.8957 (maj 0.9507 / min 0.8896)  (16s) *
  [16x32@p0.5] R ep  3  repair 0.1987  preserve 0.8942 (maj 0.9436 / min 0.8887)  (30s) *
  [16x32@p0.5] R ep  4  repair 0.1934  preserve 0.9004 (maj 0.9577 / min 0.8940)  (45s)
  [16x32@p0.5] R ep  5  repair 0.1951  preserve 0.9015 (maj 0.9488 / min 0.8963)  (58s)
  [16x32@p0.5] R ep  6  repair 0.1956  preserve 0.8986 (maj 0.9526 / min 0.8926)  (70s)
[16x32@p0.5] R FROZEN repair 0.1987  preserve 0.8942 (maj 0.9436 / min 0.8887)
[teach] 32x32@p0.5: 1056 lanes x 38 spaces x 32 ch
  [32x32@p0.5] G ep  1  fill 0.2599  [0.00-0.25) 0.184/0.096  [0.25-0.50) 0.276/0.107  [0.50-0.75) 0.365/0.107  [0.75-1.00) 0.375/0.104  (32s) *
  [32x32@p0.5] G ep  2  fill 0.2743  [0.00-0.25) 0.195/0.096  [0.25-0.50) 0.298/0.107  [0.50-0.75) 0.368/0.107  [0.75-1.00) 0.408/0.104  (66s) *
  [32x32@p0.5] G ep  3  fill 0.2790  [0.00-0.25) 0.206/0.096  [0.25-0.50) 0.294/0.107  [0.50-0.75) 0.378/0.107  [0.75-1.00) 0.396/0.104  (99s) *
  [32x32@p0.5] G ep  4  fill 0.2742  [0.00-0.25) 0.193/0.096  [0.25-0.50) 0.296/0.107  [0.50-0.75) 0.381/0.107  [0.75-1.00) 0.394/0.104  (130s)
  [32x32@p0.5] G ep  5  fill 0.2843  [0.00-0.25) 0.208/0.096  [0.25-0.50) 0.302/0.107  [0.50-0.75) 0.383/0.107  [0.75-1.00) 0.410/0.104  (155s) *
  [32x32@p0.5] G ep  6  fill 0.2892  [0.00-0.25) 0.217/0.096  [0.25-0.50) 0.311/0.107  [0.50-0.75) 0.382/0.107  [0.75-1.00) 0.388/0.104  (180s) *
  [32x32@p0.5] G ep  7  fill 0.2758  [0.00-0.25) 0.197/0.096  [0.25-0.50) 0.298/0.107  [0.50-0.75) 0.378/0.107  [0.75-1.00) 0.387/0.104  (211s)
  [32x32@p0.5] G ep  8  fill 0.2884  [0.00-0.25) 0.213/0.096  [0.25-0.50) 0.311/0.107  [0.50-0.75) 0.383/0.107  [0.75-1.00) 0.400/0.104  (242s)
  [32x32@p0.5] G ep  9  fill 0.2896  [0.00-0.25) 0.213/0.096  [0.25-0.50) 0.310/0.107  [0.50-0.75) 0.387/0.107  [0.75-1.00) 0.414/0.104  (274s) *
  [32x32@p0.5] G ep 10  fill 0.2819  [0.00-0.25) 0.206/0.096  [0.25-0.50) 0.293/0.107  [0.50-0.75) 0.389/0.107  [0.75-1.00) 0.410/0.104  (313s)
  [32x32@p0.5] G ep 11  fill 0.2869  [0.00-0.25) 0.210/0.096  [0.25-0.50) 0.311/0.107  [0.50-0.75) 0.383/0.107  [0.75-1.00) 0.401/0.104  (346s)
  [32x32@p0.5] G ep 12  fill 0.2853  [0.00-0.25) 0.209/0.096  [0.25-0.50) 0.309/0.107  [0.50-0.75) 0.383/0.107  [0.75-1.00) 0.386/0.104  (374s)
[32x32@p0.5] G FROZEN fill 0.2896 (prior 0.1024, lift +0.1872)
  [32x32@p0.5] pool wrong fraction 0.555
  [32x32@p0.5] R ep  1  repair 0.2164  preserve 0.8320 (maj 0.8839 / min 0.8259)  (34s) *
  [32x32@p0.5] R ep  2  repair 0.2245  preserve 0.8344 (maj 0.8881 / min 0.8280)  (68s) *
  [32x32@p0.5] R ep  3  repair 0.2269  preserve 0.8321 (maj 0.8746 / min 0.8270)  (100s) *
  [32x32@p0.5] R ep  4  repair 0.2279  preserve 0.8294 (maj 0.8785 / min 0.8236)  (135s) *
  [32x32@p0.5] R ep  5  repair 0.2290  preserve 0.8307 (maj 0.8897 / min 0.8238)  (177s) *
  [32x32@p0.5] R ep  6  repair 0.2291  preserve 0.8303 (maj 0.8820 / min 0.8242)  (205s) *
  [32x32@p0.5] R ep  7  repair 0.2265  preserve 0.8338 (maj 0.8723 / min 0.8292)  (234s)
  [32x32@p0.5] R ep  8  repair 0.2273  preserve 0.8276 (maj 0.8820 / min 0.8212)  (270s)
  [32x32@p0.5] R ep  9  repair 0.2286  preserve 0.8305 (maj 0.8833 / min 0.8242)  (306s)
[32x32@p0.5] R FROZEN repair 0.2291  preserve 0.8303 (maj 0.8820 / min 0.8242)
[teach] 64x32@p0.5: 2080 lanes x 70 spaces x 32 ch
  [64x32@p0.5] G ep  1  fill 0.2587  [0.00-0.25) 0.187/0.091  [0.25-0.50) 0.284/0.098  [0.50-0.75) 0.343/0.102  [0.75-1.00) 0.365/0.097  (80s) *
  [64x32@p0.5] G ep  2  fill 0.2636  [0.00-0.25) 0.190/0.091  [0.25-0.50) 0.289/0.098  [0.50-0.75) 0.348/0.102  [0.75-1.00) 0.383/0.097  (147s) *
  [64x32@p0.5] G ep  3  fill 0.2694  [0.00-0.25) 0.199/0.091  [0.25-0.50) 0.294/0.098  [0.50-0.75) 0.351/0.102  [0.75-1.00) 0.378/0.097  (228s) *
  [64x32@p0.5] G ep  4  fill 0.2691  [0.00-0.25) 0.197/0.091  [0.25-0.50) 0.293/0.098  [0.50-0.75) 0.353/0.102  [0.75-1.00) 0.383/0.097  (308s)
  [64x32@p0.5] G ep  5  fill 0.2720  [0.00-0.25) 0.201/0.091  [0.25-0.50) 0.292/0.098  [0.50-0.75) 0.358/0.102  [0.75-1.00) 0.395/0.097  (376s) *
  [64x32@p0.5] G ep  6  fill 0.2768  [0.00-0.25) 0.205/0.091  [0.25-0.50) 0.299/0.098  [0.50-0.75) 0.363/0.102  [0.75-1.00) 0.389/0.097  (457s) *
  [64x32@p0.5] G ep  7  fill 0.2726  [0.00-0.25) 0.200/0.091  [0.25-0.50) 0.300/0.098  [0.50-0.75) 0.351/0.102  [0.75-1.00) 0.392/0.097  (534s)
  [64x32@p0.5] G ep  8  fill 0.2730  [0.00-0.25) 0.200/0.091  [0.25-0.50) 0.297/0.098  [0.50-0.75) 0.354/0.102  [0.75-1.00) 0.400/0.097  (604s)
  [64x32@p0.5] G ep  9  fill 0.2795  [0.00-0.25) 0.209/0.091  [0.25-0.50) 0.304/0.098  [0.50-0.75) 0.361/0.102  [0.75-1.00) 0.388/0.097  (678s) *
  [64x32@p0.5] G ep 10  fill 0.2754  [0.00-0.25) 0.206/0.091  [0.25-0.50) 0.298/0.098  [0.50-0.75) 0.358/0.102  [0.75-1.00) 0.385/0.097  (755s)
  [64x32@p0.5] G ep 11  fill 0.2780  [0.00-0.25) 0.207/0.091  [0.25-0.50) 0.302/0.098  [0.50-0.75) 0.360/0.102  [0.75-1.00) 0.390/0.097  (827s)
  [64x32@p0.5] G ep 12  fill 0.2740  [0.00-0.25) 0.202/0.091  [0.25-0.50) 0.296/0.098  [0.50-0.75) 0.359/0.102  [0.75-1.00) 0.393/0.097  (900s)
[64x32@p0.5] G FROZEN fill 0.2795 (prior 0.0957, lift +0.1838)
  [64x32@p0.5] pool wrong fraction 0.570
  [64x32@p0.5] R ep  1  repair 0.2269  preserve 0.7554 (maj 0.8380 / min 0.7462)  (77s) *
  [64x32@p0.5] R ep  2  repair 0.2380  preserve 0.7444 (maj 0.8304 / min 0.7348)  (140s) *
  [64x32@p0.5] R ep  3  repair 0.2420  preserve 0.7405 (maj 0.8132 / min 0.7324)  (215s) *
  [64x32@p0.5] R ep  4  repair 0.2438  preserve 0.7416 (maj 0.8184 / min 0.7331)  (295s) *
  [64x32@p0.5] R ep  5  repair 0.2426  preserve 0.7384 (maj 0.8220 / min 0.7292)  (366s)
  [64x32@p0.5] R ep  6  repair 0.2450  preserve 0.7340 (maj 0.8274 / min 0.7236)  (440s) *
  [64x32@p0.5] R ep  7  repair 0.2457  preserve 0.7321 (maj 0.7961 / min 0.7250)  (516s) *
  [64x32@p0.5] R ep  8  repair 0.2449  preserve 0.7307 (maj 0.7925 / min 0.7239)  (590s)
  [64x32@p0.5] R ep  9  repair 0.2465  preserve 0.7251 (maj 0.7995 / min 0.7169)  (666s) *
  [64x32@p0.5] R ep 10  repair 0.2470  preserve 0.7221 (maj 0.7966 / min 0.7138)  (743s) *
  [64x32@p0.5] R ep 11  repair 0.2464  preserve 0.7223 (maj 0.7869 / min 0.7151)  (818s)
  [64x32@p0.5] R ep 12  repair 0.2468  preserve 0.7198 (maj 0.7823 / min 0.7129)  (883s)
  [64x32@p0.5] R ep 13  repair 0.2466  preserve 0.7200 (maj 0.7868 / min 0.7125)  (957s)
[64x32@p0.5] R FROZEN repair 0.2470  preserve 0.7221 (maj 0.7966 / min 0.7138)
[teach] 64x16@p1.0: 1040 lanes x 70 spaces x 16 ch
  [64x16@p1.0] G ep  1  fill 0.2291  [0.00-0.25) 0.202/0.277  [0.25-0.50) 0.237/0.279  [0.50-0.75) 0.265/0.279  [0.75-1.00) 0.265/0.274  (28s) *
  [64x16@p1.0] G ep  2  fill 0.2421  [0.00-0.25) 0.209/0.277  [0.25-0.50) 0.255/0.279  [0.50-0.75) 0.282/0.279  [0.75-1.00) 0.283/0.274  (56s) *
  [64x16@p1.0] G ep  3  fill 0.2434  [0.00-0.25) 0.207/0.277  [0.25-0.50) 0.256/0.279  [0.50-0.75) 0.284/0.279  [0.75-1.00) 0.308/0.274  (83s) *
  [64x16@p1.0] G ep  4  fill 0.2417  [0.00-0.25) 0.207/0.277  [0.25-0.50) 0.257/0.279  [0.50-0.75) 0.276/0.279  [0.75-1.00) 0.300/0.274  (103s)
  [64x16@p1.0] G ep  5  fill 0.2438  [0.00-0.25) 0.210/0.277  [0.25-0.50) 0.258/0.279  [0.50-0.75) 0.281/0.279  [0.75-1.00) 0.287/0.274  (132s) *
  [64x16@p1.0] G ep  6  fill 0.2367  [0.00-0.25) 0.205/0.277  [0.25-0.50) 0.246/0.279  [0.50-0.75) 0.275/0.279  [0.75-1.00) 0.288/0.274  (162s)
  [64x16@p1.0] G ep  7  fill 0.2397  [0.00-0.25) 0.205/0.277  [0.25-0.50) 0.251/0.279  [0.50-0.75) 0.279/0.279  [0.75-1.00) 0.299/0.274  (192s)
  [64x16@p1.0] G ep  8  fill 0.2395  [0.00-0.25) 0.210/0.277  [0.25-0.50) 0.250/0.279  [0.50-0.75) 0.270/0.279  [0.75-1.00) 0.294/0.274  (222s)
[64x16@p1.0] G FROZEN fill 0.2438 (prior 0.2778, lift -0.0341)
  [64x16@p1.0] pool wrong fraction 0.553
  [64x16@p1.0] R ep  1  repair 0.1768  preserve 0.6103 (maj 0.8317 / min 0.5201)  (29s) *
  [64x16@p1.0] R ep  2  repair 0.1719  preserve 0.6483 (maj 0.8289 / min 0.5747)  (53s)
  [64x16@p1.0] R ep  3  repair 0.1775  preserve 0.6518 (maj 0.8332 / min 0.5778)  (69s) *
  [64x16@p1.0] R ep  4  repair 0.1732  preserve 0.6352 (maj 0.8051 / min 0.5659)  (97s)
  [64x16@p1.0] R ep  5  repair 0.1722  preserve 0.6380 (maj 0.8378 / min 0.5566)  (125s)
  [64x16@p1.0] R ep  6  repair 0.1727  preserve 0.6461 (maj 0.8137 / min 0.5778)  (153s)
[64x16@p1.0] R FROZEN repair 0.1775  preserve 0.6518 (maj 0.8332 / min 0.5778)

        point    fill    lift  repair pres-min
  128x16@p0.5  0.3065 +0.1708  0.2693   0.5880
   16x16@p0.5  0.3851 +0.2110  0.2737   0.8765
   32x16@p0.5  0.3597 +0.1872  0.2820   0.8061
   64x16@p0.5  0.3397 +0.1848  0.2907   0.7056
  16x16@p0.75  0.2623 +0.1163  0.1623   0.8726
  32x16@p0.75  0.2195 +0.0900  0.1443   0.8103
  64x16@p0.75  0.1881 +0.0803  0.1276   0.7026
 128x16@p0.75  0.1668 +0.0632  0.1260   0.5021
   16x32@p0.5  0.2922 +0.1909  0.1987   0.8887
   32x32@p0.5  0.2896 +0.1872  0.2291   0.8242
   64x32@p0.5  0.2795 +0.1838  0.2470   0.7138
   64x16@p1.0  0.2438 -0.0341  0.1775   0.5778
