[patch] G2: 1568 lanes x 232 spaces x 16 ch (soft); prior 0.3121, chance 0.0625
  G2 ep  1  fill 0.3668 (gap 0.3387)  [0.00-0.25) 0.360/0.305  [0.25-0.50) 0.373/0.318  [0.50-0.75) 0.369/0.320  [0.75-1.00) 0.378/0.308  (40s)  *best
  G2 ep  2  fill 0.3722 (gap 0.3389)  [0.00-0.25) 0.365/0.305  [0.25-0.50) 0.378/0.318  [0.50-0.75) 0.377/0.320  [0.75-1.00) 0.377/0.308  (80s)  *best
  G2 ep  3  fill 0.3716 (gap 0.3345)  [0.00-0.25) 0.367/0.305  [0.25-0.50) 0.371/0.318  [0.50-0.75) 0.380/0.320  [0.75-1.00) 0.377/0.308  (118s)
  G2 ep  4  fill 0.3820 (gap 0.3454)  [0.00-0.25) 0.377/0.305  [0.25-0.50) 0.384/0.318  [0.50-0.75) 0.390/0.320  [0.75-1.00) 0.383/0.308  (155s)  *best
  G2 ep  5  fill 0.3858 (gap 0.3473)  [0.00-0.25) 0.380/0.305  [0.25-0.50) 0.393/0.318  [0.50-0.75) 0.389/0.320  [0.75-1.00) 0.385/0.308  (191s)  *best
  G2 ep  6  fill 0.3842 (gap 0.3466)  [0.00-0.25) 0.379/0.305  [0.25-0.50) 0.387/0.318  [0.50-0.75) 0.391/0.320  [0.75-1.00) 0.384/0.308  (229s)
  G2 ep  7  fill 0.3856 (gap 0.3477)  [0.00-0.25) 0.382/0.305  [0.25-0.50) 0.388/0.318  [0.50-0.75) 0.391/0.320  [0.75-1.00) 0.386/0.308  (269s)
  G2 ep  8  fill 0.3863 (gap 0.3483)  [0.00-0.25) 0.380/0.305  [0.25-0.50) 0.390/0.318  [0.50-0.75) 0.393/0.320  [0.75-1.00) 0.387/0.308  (309s)  *best
  G2 ep  9  fill 0.3885 (gap 0.3511)  [0.00-0.25) 0.382/0.305  [0.25-0.50) 0.396/0.318  [0.50-0.75) 0.391/0.320  [0.75-1.00) 0.392/0.308  (347s)  *best
  G2 ep 10  fill 0.3895 (gap 0.3504)  [0.00-0.25) 0.383/0.305  [0.25-0.50) 0.396/0.318  [0.50-0.75) 0.393/0.320  [0.75-1.00) 0.391/0.308  (388s)  *best
  G2 ep 11  fill 0.3945 (gap 0.3560)  [0.00-0.25) 0.389/0.305  [0.25-0.50) 0.397/0.318  [0.50-0.75) 0.401/0.320  [0.75-1.00) 0.404/0.308  (430s)  *best
  G2 ep 12  fill 0.3919 (gap 0.3517)  [0.00-0.25) 0.387/0.305  [0.25-0.50) 0.394/0.318  [0.50-0.75) 0.396/0.320  [0.75-1.00) 0.401/0.308  (469s)
  G2 ep 13  fill 0.3892 (gap 0.3493)  [0.00-0.25) 0.384/0.305  [0.25-0.50) 0.393/0.318  [0.50-0.75) 0.395/0.320  [0.75-1.00) 0.390/0.308  (509s)
  G2 ep 14  fill 0.3959 (gap 0.3562)  [0.00-0.25) 0.392/0.305  [0.25-0.50) 0.399/0.318  [0.50-0.75) 0.399/0.320  [0.75-1.00) 0.397/0.308  (549s)  *best
  G2 ep 15  fill 0.3897 (gap 0.3506)  [0.00-0.25) 0.385/0.305  [0.25-0.50) 0.395/0.318  [0.50-0.75) 0.388/0.320  [0.75-1.00) 0.397/0.308  (590s)
[patch] G2 FROZEN  fill 0.3959 (prior 0.3121, lift +0.0838; gap probe 0.3562, drop +0.0397)
[patch] pool wrong fraction 0.467
  R2 ep  1  repair 0.3252  preserve 0.5836 (maj 0.8497 / min 0.4260)  (42s)  *best
  R2 ep  2  repair 0.3347  preserve 0.5917 (maj 0.8369 / min 0.4464)  (83s)  *best
  R2 ep  3  repair 0.3388  preserve 0.5919 (maj 0.8437 / min 0.4427)  (124s)  *best
  R2 ep  4  repair 0.3412  preserve 0.5939 (maj 0.8316 / min 0.4532)  (166s)  *best
  R2 ep  5  repair 0.3438  preserve 0.5905 (maj 0.8306 / min 0.4483)  (208s)  *best
  R2 ep  6  repair 0.3435  preserve 0.5917 (maj 0.8348 / min 0.4476)  (248s)
  R2 ep  7  repair 0.3449  preserve 0.5887 (maj 0.8419 / min 0.4387)  (287s)  *best
  R2 ep  8  repair 0.3437  preserve 0.5866 (maj 0.8432 / min 0.4346)  (329s)
  R2 ep  9  repair 0.3442  preserve 0.5856 (maj 0.8391 / min 0.4354)  (370s)
  R2 ep 10  repair 0.3450  preserve 0.5840 (maj 0.8407 / min 0.4319)  (410s)  *best
  R2 ep 11  repair 0.3469  preserve 0.5829 (maj 0.8341 / min 0.4340)  (451s)  *best
  R2 ep 12  repair 0.3443  preserve 0.5801 (maj 0.8264 / min 0.4342)  (493s)
  R2 ep 13  repair 0.3453  preserve 0.5806 (maj 0.8263 / min 0.4350)  (536s)
  R2 ep 14  repair 0.3455  preserve 0.5802 (maj 0.8305 / min 0.4319)  (579s)
  patience — freezing epoch 11
[patch] R2 FROZEN  repair 0.3469  preserve 0.5829 (maj 0.8341 / min 0.4340)
[patch] G2 fill 0.3959 (prior 0.3121, gap 0.3562)   R2 repair 0.3469
[patch] G2: 1568 lanes x 232 spaces x 16 ch (soft); prior 0.3121, chance 0.0625
  G2 ep  1  fill 0.3668 (gap 0.3387)  [0.00-0.25) 0.360/0.305  [0.25-0.50) 0.373/0.318  [0.50-0.75) 0.369/0.320  [0.75-1.00) 0.378/0.308  (43s)  *best
  G2 ep  2  fill 0.3722 (gap 0.3389)  [0.00-0.25) 0.365/0.305  [0.25-0.50) 0.378/0.318  [0.50-0.75) 0.377/0.320  [0.75-1.00) 0.377/0.308  (85s)  *best
  G2 ep  3  fill 0.3716 (gap 0.3345)  [0.00-0.25) 0.367/0.305  [0.25-0.50) 0.371/0.318  [0.50-0.75) 0.380/0.320  [0.75-1.00) 0.377/0.308  (128s)
  G2 ep  4  fill 0.3820 (gap 0.3454)  [0.00-0.25) 0.377/0.305  [0.25-0.50) 0.384/0.318  [0.50-0.75) 0.390/0.320  [0.75-1.00) 0.383/0.308  (171s)  *best
  G2 ep  5  fill 0.3858 (gap 0.3473)  [0.00-0.25) 0.380/0.305  [0.25-0.50) 0.393/0.318  [0.50-0.75) 0.389/0.320  [0.75-1.00) 0.385/0.308  (214s)  *best
  G2 ep  6  fill 0.3842 (gap 0.3466)  [0.00-0.25) 0.379/0.305  [0.25-0.50) 0.387/0.318  [0.50-0.75) 0.391/0.320  [0.75-1.00) 0.384/0.308  (262s)
  G2 ep  7  fill 0.3856 (gap 0.3477)  [0.00-0.25) 0.382/0.305  [0.25-0.50) 0.388/0.318  [0.50-0.75) 0.391/0.320  [0.75-1.00) 0.386/0.308  (310s)
  G2 ep  8  fill 0.3863 (gap 0.3483)  [0.00-0.25) 0.380/0.305  [0.25-0.50) 0.390/0.318  [0.50-0.75) 0.393/0.320  [0.75-1.00) 0.387/0.308  (359s)  *best
  G2 ep  9  fill 0.3885 (gap 0.3511)  [0.00-0.25) 0.382/0.305  [0.25-0.50) 0.396/0.318  [0.50-0.75) 0.391/0.320  [0.75-1.00) 0.392/0.308  (417s)  *best
  G2 ep 10  fill 0.3895 (gap 0.3504)  [0.00-0.25) 0.383/0.305  [0.25-0.50) 0.396/0.318  [0.50-0.75) 0.393/0.320  [0.75-1.00) 0.391/0.308  (492s)  *best
  G2 ep 11  fill 0.3945 (gap 0.3560)  [0.00-0.25) 0.389/0.305  [0.25-0.50) 0.397/0.318  [0.50-0.75) 0.401/0.320  [0.75-1.00) 0.404/0.308  (573s)  *best
  G2 ep 12  fill 0.3919 (gap 0.3517)  [0.00-0.25) 0.387/0.305  [0.25-0.50) 0.394/0.318  [0.50-0.75) 0.396/0.320  [0.75-1.00) 0.401/0.308  (665s)
  G2 ep 13  fill 0.3892 (gap 0.3493)  [0.00-0.25) 0.384/0.305  [0.25-0.50) 0.393/0.318  [0.50-0.75) 0.395/0.320  [0.75-1.00) 0.390/0.308  (768s)
  G2 ep 14  fill 0.3959 (gap 0.3562)  [0.00-0.25) 0.392/0.305  [0.25-0.50) 0.399/0.318  [0.50-0.75) 0.399/0.320  [0.75-1.00) 0.397/0.308  (868s)  *best
  G2 ep 15  fill 0.3897 (gap 0.3506)  [0.00-0.25) 0.385/0.305  [0.25-0.50) 0.395/0.318  [0.50-0.75) 0.388/0.320  [0.75-1.00) 0.397/0.308  (961s)
[patch] G2 FROZEN  fill 0.3959 (prior 0.3121, lift +0.0838; gap probe 0.3562, drop +0.0397)
[patch] pool wrong fraction 0.521
  R2 ep  1  repair 0.3769  preserve 0.5537 (maj 0.8262 / min 0.4083)  (90s)  *best
  R2 ep  2  repair 0.3869  preserve 0.5592 (maj 0.8096 / min 0.4256)  (186s)  *best
  R2 ep  3  repair 0.3922  preserve 0.5599 (maj 0.8178 / min 0.4223)  (281s)  *best
  R2 ep  4  repair 0.3948  preserve 0.5563 (maj 0.8048 / min 0.4238)  (375s)  *best
  R2 ep  5  repair 0.3962  preserve 0.5532 (maj 0.8026 / min 0.4201)  (475s)  *best
  R2 ep  6  repair 0.3964  preserve 0.5548 (maj 0.8024 / min 0.4228)  (577s)  *best
  R2 ep  7  repair 0.3974  preserve 0.5505 (maj 0.8113 / min 0.4114)  (677s)  *best
  R2 ep  8  repair 0.3993  preserve 0.5490 (maj 0.8138 / min 0.4078)  (778s)  *best
  R2 ep  9  repair 0.3978  preserve 0.5492 (maj 0.8116 / min 0.4093)  (874s)
  R2 ep 10  repair 0.3977  preserve 0.5471 (maj 0.8074 / min 0.4082)  (969s)
  R2 ep 11  repair 0.3986  preserve 0.5459 (maj 0.7989 / min 0.4109)  (1067s)
  patience — freezing epoch 8
[patch] R2 FROZEN  repair 0.3993  preserve 0.5490 (maj 0.8138 / min 0.4078)
[patch] G2 fill 0.3959 (prior 0.3121, gap 0.3562)   R2 repair 0.3993
