
        point  critic     div   tone   seam
         real  0.9031  0.4823  2.360  1.100
[sweep] 16x16@p0.5: 320 states drawn (0s)
   16x16@p0.5  0.7406  0.4970  1.639  0.914
[sweep] 32x16@p0.5: 320 states drawn (0s)
   32x16@p0.5  0.7969  0.5165  1.748  0.969
[sweep] 64x16@p0.5: 320 states drawn (2s)
   64x16@p0.5  0.7969  0.5392  2.144  1.039
[sweep] 128x16@p0.5: 320 states drawn (9s)
  128x16@p0.5  0.8344  0.5156  2.582  1.053

        point  critic     div   tone   seam
         real  0.9031  0.4823  2.360  1.100

        point  critic     div   tone   seam
         real  0.9031  0.4823  2.360  1.100
[sweep] 16x16@p0.75 has no banks — run 03 first; skipped
[sweep] 32x16@p0.75 has no banks — run 03 first; skipped
[sweep] 64x16@p0.75 has no banks — run 03 first; skipped
[sweep] 128x16@p0.75 has no banks — run 03 first; skipped
   16x16@p0.5  0.7406  0.4970  1.639  0.914
   32x16@p0.5  0.7969  0.5165  1.748  0.969
   64x16@p0.5  0.7969  0.5392  2.144  1.039
  128x16@p0.5  0.8344  0.5156  2.582  1.053
[sweep] 16x32@p0.5 has no banks — run 03 first; skipped
[sweep] 32x32@p0.5 has no banks — run 03 first; skipped
[sweep] 64x32@p0.5 has no banks — run 03 first; skipped
[sweep] 64x16@p1.0 has no banks — run 03 first; skipped

        point  critic     div   tone   seam
         real  0.9031  0.4823  2.360  1.100
[sweep] 16x16@p0.75: 320 states drawn (0s)
  16x16@p0.75  0.7406  0.5506  1.733  1.005
[sweep] 32x16@p0.75: 320 states drawn (0s)
  32x16@p0.75  0.8188  0.5430  1.741  0.968
[sweep] 64x16@p0.75: 320 states drawn (3s)
  64x16@p0.75  0.8438  0.5562  1.618  1.028
[sweep] 128x16@p0.75: 320 states drawn (12s)
 128x16@p0.75  0.8031  0.5427  1.758  1.013
[sweep] 16x16@p0.5: 320 states drawn (0s)
   16x16@p0.5  0.7375  0.4997  1.656  0.929
[sweep] 32x16@p0.5: 320 states drawn (1s)
   32x16@p0.5  0.7937  0.5073  1.767  0.971
[sweep] 64x16@p0.5: 320 states drawn (3s)
   64x16@p0.5  0.8125  0.5408  2.160  1.028
[sweep] 128x16@p0.5: 320 states drawn (12s)
  128x16@p0.5  0.8344  0.5223  2.585  1.068
[sweep] 16x32@p0.5: 320 states drawn (0s)
   16x32@p0.5  0.7188  0.5704  1.555  0.996
[sweep] 32x32@p0.5: 320 states drawn (2s)
   32x32@p0.5  0.7375  0.5515  1.789  0.974
[sweep] 64x32@p0.5: 320 states drawn (6s)
   64x32@p0.5  0.7875  0.5538  1.927  1.032
[sweep] 64x16@p1.0: 320 states drawn (3s)
   64x16@p1.0  0.7437  0.6220  1.567  1.068
