[prefix] 2064 lanes x 134 spaces; next-book priors: majority 0.1290, class-majority 0.2550
  [prefix] ep  1  next-book 0.3375  fill 0.2865  (34s) *
  [prefix] ep  2  next-book 0.3410  fill 0.2884  (70s) *
  [prefix] ep  3  next-book 0.3520  fill 0.2906  (106s) *
  [prefix] ep  4  next-book 0.3500  fill 0.2920  (143s)
  [prefix] ep  5  next-book 0.3560  fill 0.2941  (180s) *
  [prefix] ep  6  next-book 0.3530  fill 0.2924  (215s)
  [prefix] ep  7  next-book 0.3445  fill 0.2942  (251s)
  [prefix] ep  8  next-book 0.3680  fill 0.2954  (286s) *
  [prefix] ep  9  next-book 0.3650  fill 0.2966  (322s)
  [prefix] ep 10  next-book 0.3720  fill 0.2954  (358s) *
  [prefix] ep 11  next-book 0.3700  fill 0.2983  (393s)
  [prefix] ep 12  next-book 0.3670  fill 0.2994  (428s)
  [prefix] ep 13  next-book 0.3590  fill 0.2977  (463s)
[prefix] FROZEN next-book 0.3720 (majority prior 0.1290, class-majority 0.2550)  Bernoulli fill 0.2954
[prefix] 1000 backbone codes drawn (16s)

n = 1000, fresh seed, draw bank = prefix schedule:
arm               critic     div   tone   seam   stdr
real              0.8860  0.4866  2.362  1.067   1.00
reconstruction    0.8840  0.5053  2.020  1.045   1.12
end-to-end        0.8330  0.4746  2.145  0.943   1.22

compare with experiment 07: the deployed draw bank scores 0.8340 end-to-end on this same seed.
