binary bank teaching (2026-09-01 16:48)
[check] feedback_semantics_check PASS: LaneBank == oracle for both kinds, soft != hard
  [check] teach.py adapt site 1 at source line 82: feedback="soft"
  [check] teach.py adapt site 2 at source line 135: feedback="hard"
  [check] teach.py adapt site 3 at source line 241: feedback="soft"
  [check] teach.py adapt site 4 at source line 290: feedback="hard"
  [check] teach.py adapt site 5 at source line 400: feedback="hard"
[teach] 128x16@p0.5 cached  G fill 0.3242  R repair 0.2926
[check] 128x16@p0.5: G lift +0.2213 (>0), R repair 0.2926 (>0)  OK  (lift is proceed/stop only, not quality)
[teach] 64x16@p0.5 cached  G fill 0.3671  R repair 0.3344
[check] 64x16@p0.5: G lift +0.2560 (>0), R repair 0.3344 (>0)  OK  (lift is proceed/stop only, not quality)
[teach] patch banks cached
[check] patch: G2 lift +0.1712 (>0), R2 repair 0.4274 (>0)  OK
[teach] joint bank cached
binary bank teaching done
binary bank teaching (2026-09-03 22:01)
[check] feedback_semantics_check PASS: LaneBank == oracle for both kinds, soft != hard
  [check] teach.py adapt site 1 at source line 90: feedback="soft"
  [check] teach.py adapt site 2 at source line 144: feedback="hard"
  [check] teach.py adapt site 3 at source line 250: feedback="soft"
  [check] teach.py adapt site 4 at source line 301: feedback="hard"
  [check] teach.py adapt site 5 at source line 414: feedback="hard"
[teach] 128x16@p0.5: 2064 lanes x 134 spaces
  [128x16@p0.5] G ep  1  fill 0.3112  [0.00-0.25) 0.236/0.101  [0.25-0.50) 0.341/0.105  [0.50-0.75) 0.396/0.103  [0.75-1.00) 0.418/0.108  (50s) *
  [128x16@p0.5] G ep  2  fill 0.3177  [0.00-0.25) 0.243/0.101  [0.25-0.50) 0.346/0.105  [0.50-0.75) 0.401/0.103  [0.75-1.00) 0.426/0.108  (103s) *
  [128x16@p0.5] G ep  3  fill 0.3191  [0.00-0.25) 0.242/0.101  [0.25-0.50) 0.349/0.105  [0.50-0.75) 0.408/0.103  [0.75-1.00) 0.424/0.108  (154s) *
  [128x16@p0.5] G ep  4  fill 0.3208  [0.00-0.25) 0.245/0.101  [0.25-0.50) 0.348/0.105  [0.50-0.75) 0.411/0.103  [0.75-1.00) 0.427/0.108  (207s) *
  [128x16@p0.5] G ep  5  fill 0.3199  [0.00-0.25) 0.245/0.101  [0.25-0.50) 0.349/0.105  [0.50-0.75) 0.406/0.103  [0.75-1.00) 0.425/0.108  (262s)
  [128x16@p0.5] G ep  6  fill 0.3231  [0.00-0.25) 0.249/0.101  [0.25-0.50) 0.353/0.105  [0.50-0.75) 0.405/0.103  [0.75-1.00) 0.428/0.108  (331s) *
  [128x16@p0.5] G ep  7  fill 0.3242  [0.00-0.25) 0.248/0.101  [0.25-0.50) 0.352/0.105  [0.50-0.75) 0.414/0.103  [0.75-1.00) 0.431/0.108  (408s) *
  [128x16@p0.5] G ep  8  fill 0.3214  [0.00-0.25) 0.246/0.101  [0.25-0.50) 0.349/0.105  [0.50-0.75) 0.409/0.103  [0.75-1.00) 0.428/0.108  (484s)
  [128x16@p0.5] G ep  9  fill 0.3240  [0.00-0.25) 0.247/0.101  [0.25-0.50) 0.354/0.105  [0.50-0.75) 0.412/0.103  [0.75-1.00) 0.432/0.108  (559s)
  [128x16@p0.5] G ep 10  fill 0.3230  [0.00-0.25) 0.249/0.101  [0.25-0.50) 0.352/0.105  [0.50-0.75) 0.405/0.103  [0.75-1.00) 0.433/0.108  (638s)
[128x16@p0.5] G FROZEN fill 0.3242 (prior 0.1029, lift +0.2213)
  [128x16@p0.5] pool wrong fraction 0.558
  [128x16@p0.5] R ep  1  repair 0.2865  preserve 0.6291 (maj 0.7305 / min 0.6170)  (88s) *
  [128x16@p0.5] R ep  2  repair 0.2907  preserve 0.6387 (maj 0.7249 / min 0.6283)  (182s) *
  [128x16@p0.5] R ep  3  repair 0.2938  preserve 0.6424 (maj 0.7259 / min 0.6323)  (268s) *
  [128x16@p0.5] R ep  4  repair 0.2949  preserve 0.6393 (maj 0.7181 / min 0.6298)  (350s) *
  [128x16@p0.5] R ep  5  repair 0.2959  preserve 0.6342 (maj 0.7098 / min 0.6251)  (431s) *
  [128x16@p0.5] R ep  6  repair 0.2966  preserve 0.6291 (maj 0.7066 / min 0.6197)  (511s) *
  [128x16@p0.5] R ep  7  repair 0.2974  preserve 0.6281 (maj 0.7122 / min 0.6180)  (569s) *
  [128x16@p0.5] R ep  8  repair 0.2980  preserve 0.6233 (maj 0.6960 / min 0.6145)  (624s) *
  [128x16@p0.5] R ep  9  repair 0.2967  preserve 0.6209 (maj 0.6917 / min 0.6124)  (679s)
  [128x16@p0.5] R ep 10  repair 0.2969  preserve 0.6206 (maj 0.7039 / min 0.6106)  (733s)
  [128x16@p0.5] R ep 11  repair 0.2979  preserve 0.6158 (maj 0.6925 / min 0.6066)  (788s)
[128x16@p0.5] R FROZEN repair 0.2980  preserve 0.6233 (maj 0.6960 / min 0.6145)
[check] 128x16@p0.5: G lift +0.2213 (>0), R repair 0.2980 (>0)  OK  (lift is proceed/stop only, not quality)
[teach] 64x16@p0.5: 1040 lanes x 70 spaces
  [64x16@p0.5] G ep  1  fill 0.3537  [0.00-0.25) 0.262/0.109  [0.25-0.50) 0.392/0.109  [0.50-0.75) 0.451/0.117  [0.75-1.00) 0.492/0.115  (25s) *
  [64x16@p0.5] G ep  2  fill 0.3556  [0.00-0.25) 0.265/0.109  [0.25-0.50) 0.387/0.109  [0.50-0.75) 0.460/0.117  [0.75-1.00) 0.496/0.115  (48s) *
  [64x16@p0.5] G ep  3  fill 0.3602  [0.00-0.25) 0.267/0.109  [0.25-0.50) 0.397/0.109  [0.50-0.75) 0.462/0.117  [0.75-1.00) 0.505/0.115  (70s) *
  [64x16@p0.5] G ep  4  fill 0.3618  [0.00-0.25) 0.268/0.109  [0.25-0.50) 0.397/0.109  [0.50-0.75) 0.467/0.117  [0.75-1.00) 0.505/0.115  (92s) *
  [64x16@p0.5] G ep  5  fill 0.3629  [0.00-0.25) 0.269/0.109  [0.25-0.50) 0.397/0.109  [0.50-0.75) 0.468/0.117  [0.75-1.00) 0.513/0.115  (114s) *
  [64x16@p0.5] G ep  6  fill 0.3671  [0.00-0.25) 0.278/0.109  [0.25-0.50) 0.403/0.109  [0.50-0.75) 0.465/0.117  [0.75-1.00) 0.500/0.115  (137s) *
  [64x16@p0.5] G ep  7  fill 0.3652  [0.00-0.25) 0.272/0.109  [0.25-0.50) 0.400/0.109  [0.50-0.75) 0.471/0.117  [0.75-1.00) 0.507/0.115  (159s)
  [64x16@p0.5] G ep  8  fill 0.3628  [0.00-0.25) 0.269/0.109  [0.25-0.50) 0.399/0.109  [0.50-0.75) 0.468/0.117  [0.75-1.00) 0.499/0.115  (182s)
  [64x16@p0.5] G ep  9  fill 0.3657  [0.00-0.25) 0.273/0.109  [0.25-0.50) 0.403/0.109  [0.50-0.75) 0.467/0.117  [0.75-1.00) 0.503/0.115  (206s)
[64x16@p0.5] G FROZEN fill 0.3671 (prior 0.1110, lift +0.2560)
  [64x16@p0.5] pool wrong fraction 0.551
  [64x16@p0.5] R ep  1  repair 0.3178  preserve 0.7332 (maj 0.8095 / min 0.7234)  (23s) *
  [64x16@p0.5] R ep  2  repair 0.3227  preserve 0.7310 (maj 0.8092 / min 0.7209)  (47s) *
  [64x16@p0.5] R ep  3  repair 0.3253  preserve 0.7285 (maj 0.7864 / min 0.7210)  (70s) *
  [64x16@p0.5] R ep  4  repair 0.3290  preserve 0.7223 (maj 0.7837 / min 0.7144)  (95s) *
  [64x16@p0.5] R ep  5  repair 0.3301  preserve 0.7208 (maj 0.7725 / min 0.7141)  (119s) *
  [64x16@p0.5] R ep  6  repair 0.3311  preserve 0.7178 (maj 0.7849 / min 0.7091)  (142s) *
  [64x16@p0.5] R ep  7  repair 0.3317  preserve 0.7146 (maj 0.7710 / min 0.7073)  (166s) *
  [64x16@p0.5] R ep  8  repair 0.3317  preserve 0.7093 (maj 0.7554 / min 0.7033)  (189s) *
  [64x16@p0.5] R ep  9  repair 0.3319  preserve 0.7067 (maj 0.7647 / min 0.6992)  (213s) *
  [64x16@p0.5] R ep 10  repair 0.3328  preserve 0.7073 (maj 0.7610 / min 0.7003)  (236s) *
  [64x16@p0.5] R ep 11  repair 0.3338  preserve 0.7065 (maj 0.7611 / min 0.6994)  (259s) *
  [64x16@p0.5] R ep 12  repair 0.3356  preserve 0.7029 (maj 0.7611 / min 0.6954)  (283s) *
  [64x16@p0.5] R ep 13  repair 0.3332  preserve 0.7006 (maj 0.7458 / min 0.6948)  (306s)
  [64x16@p0.5] R ep 14  repair 0.3350  preserve 0.7001 (maj 0.7604 / min 0.6923)  (329s)
  [64x16@p0.5] R ep 15  repair 0.3347  preserve 0.6999 (maj 0.7514 / min 0.6932)  (353s)
[64x16@p0.5] R FROZEN repair 0.3356  preserve 0.7029 (maj 0.7611 / min 0.6954)
[check] 64x16@p0.5: G lift +0.2560 (>0), R repair 0.3356 (>0)  OK  (lift is proceed/stop only, not quality)
[patch] G2: 1568 lanes x 232 spaces x 16 ch (soft); prior 0.3705, chance 0.0625
  G2 ep  1  fill 0.5054 (gap 0.4628)  [0.00-0.25) 0.503/0.365  [0.25-0.50) 0.508/0.373  [0.50-0.75) 0.507/0.373  [0.75-1.00) 0.505/0.387  (51s)  *best
  G2 ep  2  fill 0.5164 (gap 0.4693)  [0.00-0.25) 0.514/0.365  [0.25-0.50) 0.519/0.373  [0.50-0.75) 0.515/0.373  [0.75-1.00) 0.522/0.387  (92s)  *best
  G2 ep  3  fill 0.5277 (gap 0.4743)  [0.00-0.25) 0.524/0.365  [0.25-0.50) 0.528/0.373  [0.50-0.75) 0.533/0.373  [0.75-1.00) 0.535/0.387  (133s)  *best
  G2 ep  4  fill 0.5345 (gap 0.4805)  [0.00-0.25) 0.529/0.365  [0.25-0.50) 0.537/0.373  [0.50-0.75) 0.537/0.373  [0.75-1.00) 0.552/0.387  (174s)  *best
  G2 ep  5  fill 0.5358 (gap 0.4790)  [0.00-0.25) 0.527/0.365  [0.25-0.50) 0.540/0.373  [0.50-0.75) 0.543/0.373  [0.75-1.00) 0.555/0.387  (214s)  *best
  G2 ep  6  fill 0.5417 (gap 0.4855)  [0.00-0.25) 0.534/0.365  [0.25-0.50) 0.545/0.373  [0.50-0.75) 0.550/0.373  [0.75-1.00) 0.556/0.387  (255s)  *best
  G2 ep  7  fill 0.5403 (gap 0.4827)  [0.00-0.25) 0.535/0.365  [0.25-0.50) 0.541/0.373  [0.50-0.75) 0.548/0.373  [0.75-1.00) 0.550/0.387  (296s)
  G2 ep  8  fill 0.5342 (gap 0.4763)  [0.00-0.25) 0.529/0.365  [0.25-0.50) 0.537/0.373  [0.50-0.75) 0.538/0.373  [0.75-1.00) 0.546/0.387  (337s)
  G2 ep  9  fill 0.5410 (gap 0.4816)  [0.00-0.25) 0.533/0.365  [0.25-0.50) 0.545/0.373  [0.50-0.75) 0.546/0.373  [0.75-1.00) 0.560/0.387  (379s)
  patience — freezing epoch 6
[patch] G2 FROZEN  fill 0.5417 (prior 0.3705, lift +0.1712; gap probe 0.4855, drop +0.0562)
[patch] pool wrong fraction 0.544
  R2 ep  1  repair 0.5110  preserve 0.6233 (maj 0.8786 / min 0.4531)  (42s)  *best
  R2 ep  2  repair 0.5215  preserve 0.6301 (maj 0.8732 / min 0.4679)  (84s)  *best
  R2 ep  3  repair 0.5260  preserve 0.6307 (maj 0.8696 / min 0.4713)  (126s)  *best
  R2 ep  4  repair 0.5281  preserve 0.6282 (maj 0.8650 / min 0.4703)  (167s)  *best
  R2 ep  5  repair 0.5264  preserve 0.6237 (maj 0.8690 / min 0.4600)  (210s)
  R2 ep  6  repair 0.5272  preserve 0.6218 (maj 0.8681 / min 0.4576)  (252s)
  R2 ep  7  repair 0.5271  preserve 0.6205 (maj 0.8622 / min 0.4593)  (294s)
  patience — freezing epoch 4
[patch] R2 FROZEN  repair 0.5281  preserve 0.6282 (maj 0.8650 / min 0.4703)
[check] patch: G2 lift +0.1712 (>0), R2 repair 0.5281 (>0)  OK
  [tr] pool: 68000 states, wrong globals 0.568 / patches 0.552 (44s)
  [ev] pool: 2000 states, wrong globals 0.562 / patches 0.544 (1s)
[joint] 3616 lanes x 232 spaces x 16 ch (sharp); wrong in the eval pool 0.554
  ep  1  repair 0.3561 (backbone 0.3271 / patch 0.3953)  preserve 0.5392 (maj 0.8161 / min 0.4538 / backbone 0.5398)  (98s)  *best
  ep  2  repair 0.3639 (backbone 0.3387 / patch 0.3980)  preserve 0.5465 (maj 0.8023 / min 0.4676 / backbone 0.5505)  (193s)  *best
  ep  3  repair 0.3696 (backbone 0.3449 / patch 0.4030)  preserve 0.5482 (maj 0.8011 / min 0.4701 / backbone 0.5535)  (291s)  *best
  ep  4  repair 0.3713 (backbone 0.3475 / patch 0.4035)  preserve 0.5447 (maj 0.8038 / min 0.4647 / backbone 0.5492)  (387s)  *best
  ep  5  repair 0.3724 (backbone 0.3499 / patch 0.4029)  preserve 0.5411 (maj 0.8073 / min 0.4590 / backbone 0.5458)  (485s)  *best
  ep  6  repair 0.3731 (backbone 0.3493 / patch 0.4053)  preserve 0.5375 (maj 0.8049 / min 0.4549 / backbone 0.5396)  (580s)  *best
  ep  7  repair 0.3746 (backbone 0.3522 / patch 0.4049)  preserve 0.5347 (maj 0.7960 / min 0.4541 / backbone 0.5366)  (678s)  *best
  ep  8  repair 0.3737 (backbone 0.3510 / patch 0.4043)  preserve 0.5342 (maj 0.7932 / min 0.4543 / backbone 0.5353)  (773s)
  ep  9  repair 0.3746 (backbone 0.3524 / patch 0.4047)  preserve 0.5305 (maj 0.7951 / min 0.4488 / backbone 0.5312)  (867s)  *best
  ep 10  repair 0.3736 (backbone 0.3510 / patch 0.4042)  preserve 0.5311 (maj 0.7903 / min 0.4511 / backbone 0.5312)  (967s)
  ep 11  repair 0.3737 (backbone 0.3516 / patch 0.4037)  preserve 0.5273 (maj 0.7941 / min 0.4450 / backbone 0.5275)  (1066s)
  ep 12  repair 0.3746 (backbone 0.3520 / patch 0.4051)  preserve 0.5258 (maj 0.7949 / min 0.4427 / backbone 0.5265)  (1165s)
  patience — freezing epoch 9
[joint] FROZEN  repair 0.3746 (backbone 0.3524 / patch 0.4047)  preserve 0.5305 (maj 0.7951 / min 0.4488 / backbone 0.5312)
[check] joint: repair 0.3746 (>0)  OK
binary bank teaching done
