reporting measurements (2026-09-01 16:42)

seeds: three fresh seeds, n = 1000
arm               seed  critic     div   tone   seam   stdr
end-to-end         960  0.8230  0.4687  2.597  1.058   1.25
end-to-end         961  0.8360  0.4754  2.535  1.069   1.24
end-to-end         962  0.8360  0.4703  2.384  1.040   1.25
end-to-end        mean  0.8317  0.4715  2.505  1.056   1.25   spread critic 0.0130 div 0.0067
reconstruction     960  0.8870  0.5023  2.076  1.039   1.11
reconstruction     961  0.8900  0.5016  2.063  1.036   1.11
reconstruction     962  0.8860  0.5020  2.073  1.032   1.11
reconstruction    mean  0.8877  0.5019  2.071  1.036   1.11   spread critic 0.0040 div 0.0007

memorization: n = 5120 at seed 970
  drawn+rendered (109s)
  distinct joint codes 5120/5120  distinct backbone codes 5120/5120
  NN-to-train L2, generated (n=5120): q00 1.299  q01 1.558  q05 1.840  q25 2.424  q50 2.880  q75 3.448  q100 6.221  (3s)
  NN-to-train L2, held-out real (n=2000): q00 0.374  q01 1.465  q05 1.970  q25 2.801  q50 3.433  q75 4.276  q100 10.404
  exact-copy count (distance 0): generated 0, held-out 0

flip rate: joint-sweep doses on the end-to-end states (n = 5120)
  dose 2: flipped addresses 0.18068 (40.83/226 per image), images touched 1.0000
  dose 3: flipped addresses 0.09606 (21.71/226 per image), images touched 1.0000
  dose 4: flipped addresses 0.05988 (13.53/226 per image), images touched 0.9988

saved: reporting-results.pt
reporting measurements (2026-09-03 16:03)

seeds: three fresh seeds, n = 1000
arm               seed  critic     div   tone   seam   stdr
end-to-end         960  0.8230  0.4687  2.597  1.058   1.25
end-to-end         961  0.8360  0.4754  2.535  1.069   1.24
end-to-end         962  0.8360  0.4703  2.384  1.040   1.25
end-to-end        mean  0.8317  0.4715  2.505  1.056   1.25   spread critic 0.0130 div 0.0067
reconstruction     960  0.8870  0.5023  2.076  1.039   1.11
reconstruction     961  0.8900  0.5016  2.063  1.036   1.11
reconstruction     962  0.8860  0.5020  2.073  1.032   1.11
reconstruction    mean  0.8877  0.5019  2.071  1.036   1.11   spread critic 0.0040 div 0.0007

memorization: n = 5120 at seed 970
  drawn+rendered (99s)
  distinct joint codes 5120/5120  distinct backbone codes 5120/5120
  NN-to-train L2, generated (n=5120): q00 1.299  q01 1.558  q05 1.840  q25 2.424  q50 2.880  q75 3.448  q100 6.221  (3s)
  NN-to-train L2, held-out real (n=2000): q00 0.374  q01 1.465  q05 1.970  q25 2.801  q50 3.433  q75 4.276  q100 10.404
  exact-copy count (distance 0): generated 0, held-out 0

flip rate: joint-sweep doses on the end-to-end states (n = 5120)
  dose 2: flipped addresses 0.18068 (40.83/226 per image), images touched 1.0000
  dose 3: flipped addresses 0.09606 (21.71/226 per image), images touched 1.0000
  dose 4: flipped addresses 0.05988 (13.53/226 per image), images touched 0.9988

saved: reporting-results.pt
reporting measurements (2026-09-03 23:22)

seeds: three fresh seeds, n = 1000
arm               seed  critic     div   tone   seam   stdr
end-to-end         960  0.8290  0.4812  2.584  1.092   1.26
end-to-end         961  0.8380  0.4865  2.512  1.099   1.26
end-to-end         962  0.8220  0.4813  2.370  1.068   1.26
end-to-end        mean  0.8297  0.4830  2.489  1.086   1.26   spread critic 0.0160 div 0.0053
reconstruction     960  0.8800  0.5054  2.020  1.045   1.12
reconstruction     961  0.8870  0.5052  2.017  1.039   1.12
reconstruction     962  0.8840  0.5058  2.032  1.043   1.12
reconstruction    mean  0.8837  0.5055  2.023  1.043   1.12   spread critic 0.0070 div 0.0006

memorization: n = 5120 at seed 970
  drawn+rendered (90s)
  distinct joint codes 5120/5120  distinct backbone codes 5120/5120
  NN-to-train L2, generated (n=5120): q00 1.310  q01 1.623  q05 1.909  q25 2.553  q50 3.037  q75 3.675  q100 6.663  (2s)
  NN-to-train L2, held-out real (n=2000): q00 0.374  q01 1.465  q05 1.970  q25 2.801  q50 3.433  q75 4.276  q100 10.404
  exact-copy count (distance 0): generated 0, held-out 0

flip rate: joint-sweep doses on the end-to-end states (n = 5120)
  dose 2: flipped addresses 0.18502 (41.82/226 per image), images touched 1.0000
  dose 3: flipped addresses 0.09978 (22.55/226 per image), images touched 1.0000
  dose 4: flipped addresses 0.06272 (14.17/226 per image), images touched 0.9994

saved: reporting-results.pt
reporting measurements (2026-09-06 10:31)

seeds: three fresh seeds, n = 1000
arm               seed  critic     div   tone   seam   stdr
end-to-end         960  0.9210  0.5454  1.586  1.033   1.14
end-to-end         961  0.8910  0.5505  1.616  1.032   1.14
end-to-end         962  0.8900  0.5501  1.568  1.043   1.14
end-to-end        mean  0.9007  0.5487  1.590  1.036   1.14   spread critic 0.0310 div 0.0052
reconstruction     960  0.8910  0.5192  2.013  1.038   1.13
reconstruction     961  0.8960  0.5177  2.005  1.031   1.13
reconstruction     962  0.9020  0.5184  1.994  1.034   1.13
reconstruction    mean  0.8963  0.5184  2.004  1.034   1.13   spread critic 0.0110 div 0.0015

memorization: n = 5120 at seed 970
  drawn+rendered (174s)
  distinct joint codes 5120/5120  distinct backbone codes 5120/5120
  NN-to-train L2, generated (n=5120): q00 1.507  q01 1.859  q05 2.249  q25 3.118  q50 3.704  q75 4.333  q100 6.905  (3s)
  NN-to-train L2, held-out real (n=2000): q00 0.374  q01 1.465  q05 1.970  q25 2.801  q50 3.433  q75 4.276  q100 10.404
  exact-copy count (distance 0): generated 0, held-out 0

flip rate: joint-sweep doses on the end-to-end states (n = 5120)
  dose 2: flipped addresses 0.36336 (82.12/226 per image), images touched 1.0000
  dose 3: flipped addresses 0.19443 (43.94/226 per image), images touched 1.0000
  dose 4: flipped addresses 0.11328 (25.60/226 per image), images touched 0.9996

saved: reporting-results.pt
