
=== 23_comparator_sweep.py (2026-09-02 08:23) ===
read_noise 0.02 (device), band SnCr, t_b = max(2 ns, 5RC) per read, composite sigma^2 = lane^2 + (v_n/V)^2
bank noise params: {'a_thermal_unit': 0.005, 'a_flicker_unit': 1.0, 'sqrt_ref_m': 15.968719422671311, 'flicker_ln_ref': 13.815510557964275, 'ref_pw': 1e-06, 'read_pw': 1e-06, 'v_fflv': 0.05}
real bar: critic 0.8860  div 0.4866

point             seed  critic     div   tone   seam   stdr
deployed control (T = 0.1 as run)
deployed           950  0.8290  0.4713  2.552  1.064   1.24
deployed           951  0.8340  0.4653  2.507  1.045   1.25
deployed           952  0.8420  0.4647  2.436  1.078   1.24

P0 10mV/0: V = 10 mV, v_n = 0 uV, v_n/V = 0.000
P0 10mV/0          950  0.8080  0.4071  2.217  0.936   1.33
P0 10mV/0          951  0.8360  0.4036  2.187  0.945   1.33
P0 10mV/0          952  0.8070  0.4054  2.206  0.966   1.33
    read      m_med    G_sum      t_b   sigma  th%  fl%  cm%
    ctx0        100    0.78uS  642.1ns  0.0369   30   70    0
    ctx16       869    4.76uS  105.1ns  0.0197   73   27    0
    ctx64      3245   16.96uS   29.5ns  0.0171   91    9    0
    ctx127     6448   33.30uS   15.0ns  0.0166   95    5    0
    patch      6692   34.29uS   14.6ns  0.0166   95    5    0

P1 10mV/150uV: V = 10 mV, v_n = 150 uV, v_n/V = 0.015
P1 10mV/150uV      950  0.8370  0.4304  2.481  0.982   1.31
P1 10mV/150uV      951  0.8520  0.4241  2.332  0.976   1.31
P1 10mV/150uV      952  0.8550  0.4280  2.296  1.013   1.31
    read      m_med    G_sum      t_b   sigma  th%  fl%  cm%
    ctx0        100    0.78uS  642.1ns  0.0399   24   61   14
    ctx16       869    4.76uS  105.1ns  0.0247   46   17   37
    ctx64      3235   16.93uS   29.5ns  0.0227   52    5   44
    ctx127     6419   33.19uS   15.1ns  0.0224   53    3   45
    patch      6681   34.25uS   14.6ns  0.0224   52    3   45

P2 10mV/500uV: V = 10 mV, v_n = 500 uV, v_n/V = 0.050
P2 10mV/500uV      950  0.8850  0.4846  2.371  1.050   1.22
P2 10mV/500uV      951  0.8930  0.4802  2.240  1.059   1.22
P2 10mV/500uV      952  0.8760  0.4811  2.301  1.050   1.22
    read      m_med    G_sum      t_b   sigma  th%  fl%  cm%
    ctx0        100    0.78uS  642.1ns  0.0622   10   25   65
    ctx16       845    4.67uS  107.1ns  0.0537   10    4   87
    ctx64      3198   16.79uS   29.8ns  0.0528   10    1   90
    ctx127     6333   32.87uS   15.2ns  0.0527   10    0   90
    patch      6670   34.21uS   14.6ns  0.0527    9    0   90

P3 10mV/1mV: V = 10 mV, v_n = 1000 uV, v_n/V = 0.100
P3 10mV/1mV        950  0.9080  0.5203  1.951  1.033   1.14
P3 10mV/1mV        951  0.9010  0.5164  1.904  1.035   1.15
P3 10mV/1mV        952  0.9040  0.5171  1.933  1.041   1.14
    read      m_med    G_sum      t_b   sigma  th%  fl%  cm%
    ctx0        100    0.78uS  642.1ns  0.1066    3    9   88
    ctx16       827    4.60uS  108.7ns  0.1019    3    1   96
    ctx64      3139   16.56uS   30.2ns  0.1015    3    0   97
    ctx127     6208   32.39uS   15.4ns  0.1014    3    0   97
    patch      6679   34.24uS   14.6ns  0.1014    3    0   97

P4 10mV/2mV: V = 10 mV, v_n = 2000 uV, v_n/V = 0.200
P4 10mV/2mV        950  0.8990  0.5547  1.598  1.023   1.10
P4 10mV/2mV        951  0.9060  0.5461  1.631  1.035   1.10
P4 10mV/2mV        952  0.8880  0.5505  1.597  1.019   1.09
    read      m_med    G_sum      t_b   sigma  th%  fl%  cm%
    ctx0        100    0.78uS  642.1ns  0.2034    1    2   97
    ctx16       792    4.47uS  111.9ns  0.2010    1    0   99
    ctx64      3049   16.22uS   30.8ns  0.2007    1    0   99
    ctx127     6067   31.86uS   15.7ns  0.2007    1    0   99
    patch      6680   34.25uS   14.6ns  0.2007    1    0   99

P5 50mV/5mV: V = 50 mV, v_n = 5000 uV, v_n/V = 0.100
P5 50mV/5mV        950  0.9090  0.5192  1.970  1.037   1.15
P5 50mV/5mV        951  0.9070  0.5149  1.928  1.029   1.15
P5 50mV/5mV        952  0.8930  0.5162  1.959  1.033   1.15
    read      m_med    G_sum      t_b   sigma  th%  fl%  cm%
    ctx0        100    0.78uS  642.1ns  0.1048    0    9   91
    ctx16       826    4.60uS  108.8ns  0.1006    0    1   99
    ctx64      3141   16.57uS   30.2ns  0.1002    0    0  100
    ctx127     6218   32.43uS   15.4ns  0.1001    0    0  100
    patch      6680   34.25uS   14.6ns  0.1001    0    0  100

summary (mean over seeds)
point             v_n/V  critic     div   tone   seam   stdr
deployed            nan  0.8350  0.4671  2.498  1.062   1.25
P0 10mV/0         0.000  0.8170  0.4054  2.204  0.949   1.33
P1 10mV/150uV     0.015  0.8480  0.4275  2.370  0.990   1.31
P2 10mV/500uV     0.050  0.8847  0.4820  2.304  1.053   1.22
P3 10mV/1mV       0.100  0.9043  0.5179  1.929  1.036   1.15
P4 10mV/2mV       0.200  0.8977  0.5504  1.609  1.026   1.10
P5 50mV/5mV       0.100  0.9030  0.5167  1.952  1.033   1.15
saved: comparator-sweep-results.pt

=== 23_comparator_sweep.py (2026-09-03 14:25) ===
read_noise 0.02 (device), band SnCr, t_b = max(2 ns, 5RC) per read, composite sigma^2 = lane^2 + (v_n/V)^2
bank noise params: {'a_thermal_unit': 0.005, 'a_flicker_unit': 1.0, 'sqrt_ref_m': 15.968719422671311, 'flicker_ln_ref': 13.815510557964275, 'ref_pw': 1e-06, 'read_pw': 1e-06, 'v_fflv': 0.05, 'v_cmp': 0.0003}
real bar: critic 0.8860  div 0.4866

point             seed  critic     div   tone   seam   stdr
deployed control (T = 0.1 as run)
deployed           950  0.8290  0.4713  2.552  1.064   1.24
deployed           951  0.8340  0.4653  2.507  1.045   1.25
deployed           952  0.8420  0.4647  2.436  1.078   1.24

P0 10mV/0: V = 10 mV, v_n = 0 uV, v_n/V = 0.000
P0 10mV/0          950  0.8080  0.4071  2.217  0.936   1.33
P0 10mV/0          951  0.8360  0.4036  2.187  0.945   1.33
P0 10mV/0          952  0.8070  0.4054  2.206  0.966   1.33
    read      m_med    G_sum      t_b   sigma  th%  fl%  cm%
    ctx0        100    0.78uS  642.1ns  0.0369   30   70    0
    ctx16       869    4.76uS  105.1ns  0.0197   73   27    0
    ctx64      3245   16.96uS   29.5ns  0.0171   91    9    0
    ctx127     6448   33.30uS   15.0ns  0.0166   95    5    0
    patch      6692   34.29uS   14.6ns  0.0166   95    5    0

P1 10mV/150uV: V = 10 mV, v_n = 150 uV, v_n/V = 0.015
P1 10mV/150uV      950  0.8370  0.4304  2.481  0.982   1.31
P1 10mV/150uV      951  0.8520  0.4241  2.332  0.976   1.31
P1 10mV/150uV      952  0.8550  0.4280  2.296  1.013   1.31
    read      m_med    G_sum      t_b   sigma  th%  fl%  cm%
    ctx0        100    0.78uS  642.1ns  0.0399   24   61   14
    ctx16       869    4.76uS  105.1ns  0.0247   46   17   37
    ctx64      3235   16.93uS   29.5ns  0.0227   52    5   44
    ctx127     6419   33.19uS   15.1ns  0.0224   53    3   45
    patch      6681   34.25uS   14.6ns  0.0224   52    3   45

P2 10mV/500uV: V = 10 mV, v_n = 500 uV, v_n/V = 0.050
P2 10mV/500uV      950  0.8850  0.4846  2.371  1.050   1.22
P2 10mV/500uV      951  0.8930  0.4802  2.240  1.059   1.22
P2 10mV/500uV      952  0.8760  0.4811  2.301  1.050   1.22
    read      m_med    G_sum      t_b   sigma  th%  fl%  cm%
    ctx0        100    0.78uS  642.1ns  0.0622   10   25   65
    ctx16       845    4.67uS  107.1ns  0.0537   10    4   87
    ctx64      3198   16.79uS   29.8ns  0.0528   10    1   90
    ctx127     6333   32.87uS   15.2ns  0.0527   10    0   90
    patch      6670   34.21uS   14.6ns  0.0527    9    0   90

P3 10mV/1mV: V = 10 mV, v_n = 1000 uV, v_n/V = 0.100
P3 10mV/1mV        950  0.9080  0.5203  1.951  1.033   1.14
P3 10mV/1mV        951  0.9010  0.5164  1.904  1.035   1.15
P3 10mV/1mV        952  0.9040  0.5171  1.933  1.041   1.14
    read      m_med    G_sum      t_b   sigma  th%  fl%  cm%
    ctx0        100    0.78uS  642.1ns  0.1066    3    9   88
    ctx16       827    4.60uS  108.7ns  0.1019    3    1   96
    ctx64      3139   16.56uS   30.2ns  0.1015    3    0   97
    ctx127     6208   32.39uS   15.4ns  0.1014    3    0   97
    patch      6679   34.24uS   14.6ns  0.1014    3    0   97

P4 10mV/2mV: V = 10 mV, v_n = 2000 uV, v_n/V = 0.200
P4 10mV/2mV        950  0.8990  0.5547  1.598  1.023   1.10
P4 10mV/2mV        951  0.9060  0.5461  1.631  1.035   1.10
P4 10mV/2mV        952  0.8880  0.5505  1.597  1.019   1.09
    read      m_med    G_sum      t_b   sigma  th%  fl%  cm%
    ctx0        100    0.78uS  642.1ns  0.2034    1    2   97
    ctx16       792    4.47uS  111.9ns  0.2010    1    0   99
    ctx64      3049   16.22uS   30.8ns  0.2007    1    0   99
    ctx127     6067   31.86uS   15.7ns  0.2007    1    0   99
    patch      6680   34.25uS   14.6ns  0.2007    1    0   99

P5 50mV/5mV: V = 50 mV, v_n = 5000 uV, v_n/V = 0.100
P5 50mV/5mV        950  0.9090  0.5192  1.970  1.037   1.15
P5 50mV/5mV        951  0.9070  0.5149  1.928  1.029   1.15
P5 50mV/5mV        952  0.8930  0.5162  1.959  1.033   1.15
    read      m_med    G_sum      t_b   sigma  th%  fl%  cm%
    ctx0        100    0.78uS  642.1ns  0.1048    0    9   91
    ctx16       826    4.60uS  108.8ns  0.1006    0    1   99
    ctx64      3141   16.57uS   30.2ns  0.1002    0    0  100
    ctx127     6218   32.43uS   15.4ns  0.1001    0    0  100
    patch      6680   34.25uS   14.6ns  0.1001    0    0  100

summary (mean over seeds)
point             v_n/V  critic     div   tone   seam   stdr
deployed            nan  0.8350  0.4671  2.498  1.062   1.25
P0 10mV/0         0.000  0.8170  0.4054  2.204  0.949   1.33
P1 10mV/150uV     0.015  0.8480  0.4275  2.370  0.990   1.31
P2 10mV/500uV     0.050  0.8847  0.4820  2.304  1.053   1.22
P3 10mV/1mV       0.100  0.9043  0.5179  1.929  1.036   1.15
P4 10mV/2mV       0.200  0.8977  0.5504  1.609  1.026   1.10
P5 50mV/5mV       0.100  0.9030  0.5167  1.952  1.033   1.15
saved: comparator-sweep-results.pt

=== 23_comparator_sweep.py (2026-09-03 14:39) ===
read_noise 0.02 (device), band SnCr, t_b = max(2 ns, 5RC) per read, emulator sample_read: sigma^2 = lane^2 + (v_cmp/V)^2; v_cmp on the 8-bit register (100 uV + code * 20 uV)
bank noise params: {'a_thermal_unit': 0.005, 'a_flicker_unit': 1.0, 'sqrt_ref_m': 15.968719422671311, 'flicker_ln_ref': 13.815510557964275, 'ref_pw': 1e-06, 'read_pw': 1e-06, 'v_fflv': 0.05, 'v_cmp': 0.0003}
real bar: critic 0.8860  div 0.4866

point             seed  critic     div   tone   seam   stdr
deployed control (T = 0.1 as run)
deployed           950  0.8290  0.4713  2.552  1.064   1.24
deployed           951  0.8340  0.4653  2.507  1.045   1.25
deployed           952  0.8420  0.4647  2.436  1.078   1.24

P0 10mV/0: V = 10 mV, v_n = 0 uV (code -- (not modeled)), v_n/V = 0.000
P0 10mV/0          950  0.8080  0.4071  2.217  0.936   1.33
P0 10mV/0          951  0.8360  0.4036  2.187  0.945   1.33
P0 10mV/0          952  0.8070  0.4054  2.206  0.966   1.33
    read      m_med    G_sum      t_b   sigma  th%  fl%  cm%
    ctx0        100    0.78uS  642.1ns  0.0369   30   70    0
    ctx16       869    4.76uS  105.1ns  0.0197   73   27    0
    ctx64      3245   16.96uS   29.5ns  0.0171   91    9    0
    ctx127     6448   33.30uS   15.0ns  0.0166   95    5    0
    patch      6692   34.29uS   14.6ns  0.0166   95    5    0

P1 10mV/160uV: V = 10 mV, v_n = 160 uV (code 3), v_n/V = 0.016
P1 10mV/160uV      950  0.8410  0.4299  2.475  0.978   1.31
P1 10mV/160uV      951  0.8630  0.4251  2.347  0.986   1.31
P1 10mV/160uV      952  0.8580  0.4283  2.274  1.014   1.31
    read      m_med    G_sum      t_b   sigma  th%  fl%  cm%
    ctx0        100    0.78uS  642.1ns  0.0403   24   60   16
    ctx16       868    4.76uS  105.1ns  0.0253   43   16   40
    ctx64      3233   16.92uS   29.6ns  0.0234   49    5   47
    ctx127     6422   33.20uS   15.1ns  0.0231   50    2   48
    patch      6679   34.24uS   14.6ns  0.0230   49    3   48

P2 10mV/500uV: V = 10 mV, v_n = 500 uV (code 20), v_n/V = 0.050
P2 10mV/500uV      950  0.8850  0.4846  2.371  1.050   1.22
P2 10mV/500uV      951  0.8930  0.4802  2.240  1.059   1.22
P2 10mV/500uV      952  0.8760  0.4811  2.301  1.050   1.22
    read      m_med    G_sum      t_b   sigma  th%  fl%  cm%
    ctx0        100    0.78uS  642.1ns  0.0622   10   25   65
    ctx16       845    4.67uS  107.1ns  0.0537   10    4   87
    ctx64      3198   16.79uS   29.8ns  0.0528   10    1   90
    ctx127     6333   32.87uS   15.2ns  0.0527   10    0   90
    patch      6670   34.21uS   14.6ns  0.0527    9    0   90

P3 10mV/1mV: V = 10 mV, v_n = 1000 uV (code 45), v_n/V = 0.100
P3 10mV/1mV        950  0.9080  0.5203  1.951  1.033   1.14
P3 10mV/1mV        951  0.9010  0.5164  1.904  1.035   1.15
P3 10mV/1mV        952  0.9040  0.5171  1.933  1.041   1.14
    read      m_med    G_sum      t_b   sigma  th%  fl%  cm%
    ctx0        100    0.78uS  642.1ns  0.1066    3    9   88
    ctx16       827    4.60uS  108.7ns  0.1019    3    1   96
    ctx64      3139   16.56uS   30.2ns  0.1015    3    0   97
    ctx127     6208   32.39uS   15.4ns  0.1014    3    0   97
    patch      6679   34.24uS   14.6ns  0.1014    3    0   97

P4 10mV/2mV: V = 10 mV, v_n = 2000 uV (code 95), v_n/V = 0.200
P4 10mV/2mV        950  0.8990  0.5547  1.598  1.023   1.10
P4 10mV/2mV        951  0.9060  0.5461  1.631  1.035   1.10
P4 10mV/2mV        952  0.8880  0.5505  1.597  1.019   1.09
    read      m_med    G_sum      t_b   sigma  th%  fl%  cm%
    ctx0        100    0.78uS  642.1ns  0.2034    1    2   97
    ctx16       792    4.47uS  111.9ns  0.2010    1    0   99
    ctx64      3049   16.22uS   30.8ns  0.2007    1    0   99
    ctx127     6067   31.86uS   15.7ns  0.2007    1    0   99
    patch      6680   34.25uS   14.6ns  0.2007    1    0   99

P5 50mV/5mV: V = 50 mV, v_n = 5000 uV (code 245), v_n/V = 0.100
P5 50mV/5mV        950  0.9090  0.5192  1.970  1.037   1.15
P5 50mV/5mV        951  0.9070  0.5149  1.928  1.029   1.15
P5 50mV/5mV        952  0.8930  0.5162  1.959  1.033   1.15
    read      m_med    G_sum      t_b   sigma  th%  fl%  cm%
    ctx0        100    0.78uS  642.1ns  0.1048    0    9   91
    ctx16       826    4.60uS  108.8ns  0.1006    0    1   99
    ctx64      3141   16.57uS   30.2ns  0.1002    0    0  100
    ctx127     6218   32.43uS   15.4ns  0.1001    0    0  100
    patch      6680   34.25uS   14.6ns  0.1001    0    0  100

summary (mean over seeds)
point             code  v_n/V  critic     div   tone   seam   stdr
deployed                  nan  0.8350  0.4671  2.498  1.062   1.25
P0 10mV/0           --  0.000  0.8170  0.4054  2.204  0.949   1.33
P1 10mV/160uV        3  0.016  0.8540  0.4278  2.366  0.993   1.31
P2 10mV/500uV       20  0.050  0.8847  0.4820  2.304  1.053   1.22
P3 10mV/1mV         45  0.100  0.9043  0.5179  1.929  1.036   1.15
P4 10mV/2mV         95  0.200  0.8977  0.5504  1.609  1.026   1.10
P5 50mV/5mV        245  0.100  0.9030  0.5167  1.952  1.033   1.15
saved: comparator-sweep-results.pt

=== 23_comparator_sweep.py (2026-09-03 17:44) ===
read_noise 0.02 (device), band SnCr, t_b = max(2 ns, 5RC) per read, emulator sample_read: sigma^2 = lane^2 + (v_cmp/V)^2; v_cmp on the 8-bit register (100 uV + code * 20 uV)
bank noise params: {'a_thermal_unit': 0.005, 'a_flicker_unit': 1.0, 'sqrt_ref_m': 15.968719422671311, 'flicker_ln_ref': 13.815510557964275, 'ref_pw': 1e-06, 'read_pw': 1e-06, 'v_fflv': 0.05, 'v_cmp': 0.0003}
real bar: critic 0.8860  div 0.4866

point             seed  critic     div   tone   seam   stdr
deployed control (T = 0.1 as run)
deployed           950  0.7970  0.4824  2.657  1.078   1.26
deployed           951  0.7920  0.4742  2.558  1.074   1.27
deployed           952  0.8140  0.4754  2.491  1.089   1.25

P0 10mV/0: V = 10 mV, v_n = 0 uV (code -- (not modeled)), v_n/V = 0.000
P0 10mV/0          950  0.7840  0.4138  2.282  0.955   1.35
P0 10mV/0          951  0.8060  0.4084  2.230  0.973   1.35
P0 10mV/0          952  0.7820  0.4121  2.246  0.988   1.34
    read      m_med    G_sum      t_b   sigma  th%  fl%  cm%
    ctx0        100    0.78uS  642.1ns  0.0369   30   70    0
    ctx16       869    4.76uS  105.1ns  0.0197   73   27    0
    ctx64      3245   16.96uS   29.5ns  0.0171   91    9    0
    ctx127     6448   33.30uS   15.0ns  0.0166   95    5    0
    patch      6684   34.26uS   14.6ns  0.0166   95    5    0

P1 10mV/160uV: V = 10 mV, v_n = 160 uV (code 3), v_n/V = 0.016
P1 10mV/160uV      950  0.8070  0.4398  2.522  0.998   1.32
P1 10mV/160uV      951  0.8160  0.4338  2.415  1.006   1.32
P1 10mV/160uV      952  0.8060  0.4364  2.317  1.023   1.32
    read      m_med    G_sum      t_b   sigma  th%  fl%  cm%
    ctx0        100    0.78uS  642.1ns  0.0403   24   60   16
    ctx16       868    4.76uS  105.1ns  0.0253   43   16   40
    ctx64      3233   16.92uS   29.6ns  0.0234   49    5   47
    ctx127     6422   33.20uS   15.1ns  0.0231   50    2   48
    patch      6669   34.21uS   14.6ns  0.0230   49    3   48

P2 10mV/500uV: V = 10 mV, v_n = 500 uV (code 20), v_n/V = 0.050
P2 10mV/500uV      950  0.8490  0.4921  2.464  1.052   1.23
P2 10mV/500uV      951  0.8470  0.4889  2.293  1.056   1.23
P2 10mV/500uV      952  0.8490  0.4875  2.373  1.056   1.23
    read      m_med    G_sum      t_b   sigma  th%  fl%  cm%
    ctx0        100    0.78uS  642.1ns  0.0622   10   25   65
    ctx16       845    4.67uS  107.1ns  0.0537   10    4   87
    ctx64      3198   16.79uS   29.8ns  0.0528   10    1   90
    ctx127     6333   32.87uS   15.2ns  0.0527   10    0   90
    patch      6647   34.12uS   14.7ns  0.0527    9    0   90

P3 10mV/1mV: V = 10 mV, v_n = 1000 uV (code 45), v_n/V = 0.100
P3 10mV/1mV        950  0.8500  0.5351  2.026  1.027   1.17
P3 10mV/1mV        951  0.8500  0.5309  1.974  1.029   1.17
P3 10mV/1mV        952  0.8500  0.5283  1.989  1.044   1.16
    read      m_med    G_sum      t_b   sigma  th%  fl%  cm%
    ctx0        100    0.78uS  642.1ns  0.1066    3    9   88
    ctx16       827    4.60uS  108.7ns  0.1019    3    1   96
    ctx64      3139   16.56uS   30.2ns  0.1015    3    0   97
    ctx127     6208   32.39uS   15.4ns  0.1014    3    0   97
    patch      6640   34.10uS   14.7ns  0.1014    3    0   97

P4 10mV/2mV: V = 10 mV, v_n = 2000 uV (code 95), v_n/V = 0.200
P4 10mV/2mV        950  0.8380  0.5826  1.598  1.007   1.14
P4 10mV/2mV        951  0.8400  0.5713  1.617  1.014   1.14
P4 10mV/2mV        952  0.8370  0.5801  1.632  1.001   1.13
    read      m_med    G_sum      t_b   sigma  th%  fl%  cm%
    ctx0        100    0.78uS  642.1ns  0.2034    1    2   97
    ctx16       792    4.47uS  111.9ns  0.2010    1    0   99
    ctx64      3049   16.22uS   30.8ns  0.2007    1    0   99
    ctx127     6067   31.86uS   15.7ns  0.2007    1    0   99
    patch      6620   34.02uS   14.7ns  0.2007    1    0   99

P5 50mV/5mV: V = 50 mV, v_n = 5000 uV (code 245), v_n/V = 0.100
P5 50mV/5mV        950  0.8530  0.5328  2.027  1.035   1.17
P5 50mV/5mV        951  0.8640  0.5269  1.974  1.036   1.17
P5 50mV/5mV        952  0.8530  0.5270  2.005  1.040   1.16
    read      m_med    G_sum      t_b   sigma  th%  fl%  cm%
    ctx0        100    0.78uS  642.1ns  0.1048    0    9   91
    ctx16       826    4.60uS  108.8ns  0.1006    0    1   99
    ctx64      3141   16.57uS   30.2ns  0.1002    0    0  100
    ctx127     6218   32.43uS   15.4ns  0.1001    0    0  100
    patch      6644   34.11uS   14.7ns  0.1001    0    0  100

summary (mean over seeds)
point             code  v_n/V  critic     div   tone   seam   stdr
deployed                  nan  0.8010  0.4773  2.569  1.080   1.26
P0 10mV/0           --  0.000  0.7907  0.4114  2.253  0.972   1.34
P1 10mV/160uV        3  0.016  0.8097  0.4367  2.418  1.009   1.32
P2 10mV/500uV       20  0.050  0.8483  0.4895  2.377  1.055   1.23
P3 10mV/1mV         45  0.100  0.8500  0.5314  1.996  1.033   1.17
P4 10mV/2mV         95  0.200  0.8383  0.5780  1.616  1.007   1.14
P5 50mV/5mV        245  0.100  0.8567  0.5289  2.002  1.037   1.17
saved: comparator-sweep-results.pt
