
=== 37_dose_chain.py (2026-09-06 12:04) === exploratory, off the book
hot reads at (10 mV, 2 mV), code 95; joint sweep chained 8 doses under: 50 mV, code 95  (v_n/V 0.04); 50 mV, code 145 (v_n/V 0.06); 50 mV, code 245 (v_n/V 0.10); each dose followed by one cold dose (quench)
real bar: critic 0.8860  div 0.4866  tone 2.362  L2div 8.678  n = 1000

seed 960: hot pass 29s
  end-to-end, sweep read 50 mV, code 95  (v_n/V 0.04)
    dose  critic     div   tone  stdr  L2div distinct flips/226 unchanged | quenched:  critic     div   tone  stdr  L2div  flips
       0  0.8560  0.6019  1.328  1.03  5.641    1.000        --        --
       1  0.9160  0.5644  1.540  1.13  6.325    1.000     161.0     0.000           |  0.9170  0.5020  1.618  1.17  7.222  106.6
       2  0.9120  0.5149  1.592  1.16  6.920    1.000     119.6     0.000           |  0.8980  0.4763  1.581  1.17  7.535   80.7
       3  0.8970  0.4886  1.591  1.17  7.337    1.000      95.1     0.000           |  0.8820  0.4589  1.547  1.16  7.723   63.5
       4  0.8760  0.4697  1.550  1.17  7.577    1.000      78.3     0.000           |  0.8680  0.4467  1.510  1.16  7.838   51.9
       5  0.8640  0.4567  1.524  1.16  7.726    1.000      67.4     0.000           |  0.8580  0.4378  1.474  1.15  7.899   44.8
       6  0.8540  0.4483  1.503  1.16  7.807    1.000      60.4     0.000           |  0.8370  0.4318  1.435  1.14  7.946   40.1
       7  0.8390  0.4424  1.435  1.15  7.849    1.000      55.9     0.000           |  0.8340  0.4275  1.402  1.14  7.975   36.9
       8  0.8270  0.4381  1.417  1.15  7.890    1.000      52.8     0.000           |  0.8120  0.4233  1.372  1.13  7.985   35.0
  end-to-end, sweep read 50 mV, code 145 (v_n/V 0.06)
    dose  critic     div   tone  stdr  L2div distinct flips/226 unchanged | quenched:  critic     div   tone  stdr  L2div  flips
       0  0.8560  0.6019  1.328  1.03  5.641    1.000        --        --
       1  0.8930  0.5873  1.454  1.10  6.057    1.000     167.7     0.000           |  0.9170  0.5059  1.591  1.16  7.040  122.1
       2  0.9070  0.5407  1.543  1.15  6.500    1.000     140.9     0.000           |  0.8920  0.4798  1.580  1.16  7.317  104.8
       3  0.8890  0.5161  1.584  1.17  6.869    1.000     125.3     0.000           |  0.8800  0.4616  1.544  1.16  7.493   92.1
       4  0.8790  0.4992  1.573  1.18  7.138    1.000     113.2     0.000           |  0.8690  0.4494  1.492  1.15  7.614   82.1
       5  0.8630  0.4852  1.555  1.18  7.313    1.000     103.8     0.000           |  0.8550  0.4402  1.454  1.15  7.670   75.0
       6  0.8490  0.4742  1.517  1.18  7.405    1.000      97.0     0.000           |  0.8340  0.4323  1.431  1.14  7.726   69.7
       7  0.8390  0.4648  1.482  1.17  7.475    1.000      92.5     0.000           |  0.8220  0.4248  1.417  1.13  7.750   66.4
       8  0.8260  0.4586  1.472  1.17  7.515    1.000      88.6     0.000           |  0.8150  0.4201  1.394  1.13  7.771   63.5
  end-to-end, sweep read 50 mV, code 245 (v_n/V 0.10)
    dose  critic     div   tone  stdr  L2div distinct flips/226 unchanged | quenched:  critic     div   tone  stdr  L2div  flips
       0  0.8560  0.6019  1.328  1.03  5.641    1.000        --        --
       1  0.8160  0.6276  1.223  1.03  5.658    1.000     178.5     0.000           |  0.9300  0.5165  1.564  1.15  6.699  144.2
       2  0.8510  0.6004  1.278  1.07  5.664    1.000     168.8     0.000           |  0.9210  0.4961  1.457  1.15  6.677  138.6
       3  0.8500  0.5898  1.285  1.10  5.787    1.000     163.4     0.000           |  0.9110  0.4815  1.405  1.15  6.718  134.0
       4  0.8660  0.5820  1.307  1.13  5.920    1.000     159.6     0.000           |  0.9170  0.4719  1.357  1.15  6.725  130.6
       5  0.8490  0.5713  1.336  1.15  5.960    1.000     156.2     0.000           |  0.9050  0.4619  1.265  1.15  6.732  127.3
       6  0.8530  0.5668  1.305  1.16  6.046    1.000     153.5     0.000           |  0.9100  0.4533  1.256  1.15  6.774  124.8
       7  0.8710  0.5584  1.296  1.18  6.088    1.000     151.5     0.000           |  0.9000  0.4483  1.246  1.15  6.823  123.0
       8  0.8590  0.5539  1.283  1.18  6.167    1.000     149.4     0.000           |  0.9010  0.4415  1.163  1.14  6.812  120.7
  seed 960 done (73s)

seed 961: hot pass 31s
  end-to-end, sweep read 50 mV, code 95  (v_n/V 0.04)
    dose  critic     div   tone  stdr  L2div distinct flips/226 unchanged | quenched:  critic     div   tone  stdr  L2div  flips
       0  0.8280  0.6053  1.339  1.03  5.731    1.000        --        --
       1  0.8810  0.5676  1.559  1.13  6.429    1.000     160.9     0.000           |  0.8900  0.5061  1.668  1.16  7.355  106.2
       2  0.8810  0.5194  1.634  1.16  7.059    1.000     119.3     0.000           |  0.8790  0.4829  1.628  1.17  7.661   80.8
       3  0.8780  0.4942  1.629  1.17  7.468    1.000      94.8     0.000           |  0.8740  0.4655  1.563  1.16  7.820   63.1
       4  0.8680  0.4763  1.562  1.17  7.665    1.000      78.1     0.000           |  0.8510  0.4544  1.526  1.15  7.940   52.0
       5  0.8490  0.4640  1.533  1.16  7.820    1.000      67.1     0.000           |  0.8400  0.4451  1.487  1.14  8.023   44.2
       6  0.8420  0.4556  1.502  1.15  7.918    1.000      60.0     0.000           |  0.8250  0.4406  1.479  1.13  8.077   40.0
       7  0.8240  0.4495  1.517  1.15  7.991    1.000      55.5     0.000           |  0.8000  0.4344  1.479  1.13  8.101   36.8
       8  0.8030  0.4441  1.490  1.14  8.029    1.000      52.9     0.000           |  0.7840  0.4310  1.471  1.13  8.137   34.6
  end-to-end, sweep read 50 mV, code 145 (v_n/V 0.06)
    dose  critic     div   tone  stdr  L2div distinct flips/226 unchanged | quenched:  critic     div   tone  stdr  L2div  flips
       0  0.8280  0.6053  1.339  1.03  5.731    1.000        --        --
       1  0.8600  0.5874  1.474  1.10  6.142    1.000     167.6     0.000           |  0.8940  0.5084  1.630  1.16  7.155  121.3
       2  0.8760  0.5452  1.584  1.15  6.622    1.000     140.5     0.000           |  0.8880  0.4864  1.611  1.16  7.396  104.6
       3  0.8950  0.5193  1.621  1.17  6.947    1.000     124.5     0.000           |  0.8860  0.4667  1.548  1.15  7.554   91.5
       4  0.8860  0.5009  1.594  1.17  7.191    1.000     112.5     0.000           |  0.8620  0.4519  1.479  1.14  7.647   81.7
       5  0.8660  0.4852  1.550  1.17  7.337    1.000     103.5     0.000           |  0.8500  0.4406  1.426  1.13  7.688   74.7
       6  0.8690  0.4733  1.488  1.16  7.412    1.000      96.7     0.000           |  0.8430  0.4331  1.420  1.13  7.705   69.9
       7  0.8530  0.4684  1.505  1.17  7.494    1.000      92.2     0.000           |  0.8350  0.4279  1.398  1.12  7.758   65.8
       8  0.8320  0.4616  1.481  1.16  7.531    1.000      88.7     0.000           |  0.8210  0.4238  1.349  1.12  7.768   63.1
  end-to-end, sweep read 50 mV, code 245 (v_n/V 0.10)
    dose  critic     div   tone  stdr  L2div distinct flips/226 unchanged | quenched:  critic     div   tone  stdr  L2div  flips
       0  0.8280  0.6053  1.339  1.03  5.731    1.000        --        --
       1  0.7770  0.6280  1.223  1.04  5.708    1.000     178.3     0.000           |  0.9090  0.5182  1.574  1.15  6.762  143.6
       2  0.8140  0.6052  1.279  1.08  5.770    1.000     168.7     0.000           |  0.9030  0.4996  1.542  1.15  6.810  138.3
       3  0.8370  0.5898  1.305  1.11  5.844    1.000     163.4     0.000           |  0.9030  0.4845  1.457  1.15  6.801  133.8
       4  0.8410  0.5825  1.333  1.13  5.954    1.000     159.4     0.000           |  0.9020  0.4735  1.433  1.15  6.868  130.5
       5  0.8400  0.5704  1.305  1.15  6.009    1.000     155.7     0.000           |  0.8920  0.4611  1.327  1.14  6.838  126.9
       6  0.8580  0.5657  1.313  1.16  6.116    1.000     152.9     0.000           |  0.9050  0.4536  1.291  1.14  6.836  124.4
       7  0.8480  0.5591  1.306  1.17  6.180    1.000     150.5     0.000           |  0.8890  0.4472  1.236  1.14  6.899  121.7
       8  0.8590  0.5539  1.270  1.18  6.234    1.000     148.5     0.000           |  0.8840  0.4411  1.186  1.14  6.886  119.9
  seed 961 done (71s)

seed 962: hot pass 29s
  end-to-end, sweep read 50 mV, code 95  (v_n/V 0.04)
    dose  critic     div   tone  stdr  L2div distinct flips/226 unchanged | quenched:  critic     div   tone  stdr  L2div  flips
       0  0.8400  0.6043  1.270  1.02  5.660    1.000        --        --
       1  0.8770  0.5671  1.509  1.12  6.394    1.000     161.8     0.000           |  0.8760  0.5056  1.597  1.16  7.350  107.2
       2  0.8770  0.5186  1.591  1.16  7.065    1.000     120.3     0.000           |  0.8620  0.4800  1.584  1.17  7.714   81.2
       3  0.8670  0.4924  1.598  1.17  7.531    1.000      95.3     0.000           |  0.8480  0.4641  1.566  1.16  7.926   63.7
       4  0.8550  0.4750  1.567  1.17  7.771    1.000      78.7     0.000           |  0.8210  0.4533  1.531  1.16  8.011   52.3
       5  0.8250  0.4632  1.542  1.16  7.907    1.000      68.0     0.000           |  0.8130  0.4451  1.496  1.15  8.096   45.1
       6  0.8140  0.4540  1.521  1.16  7.999    1.000      60.6     0.000           |  0.7990  0.4376  1.483  1.14  8.155   40.4
       7  0.8020  0.4477  1.518  1.15  8.063    1.000      56.3     0.000           |  0.7830  0.4329  1.475  1.14  8.200   37.3
       8  0.7790  0.4428  1.470  1.15  8.098    1.000      53.1     0.000           |  0.7630  0.4288  1.435  1.12  8.213   35.0
  end-to-end, sweep read 50 mV, code 145 (v_n/V 0.06)
    dose  critic     div   tone  stdr  L2div distinct flips/226 unchanged | quenched:  critic     div   tone  stdr  L2div  flips
       0  0.8400  0.6043  1.270  1.02  5.660    1.000        --        --
       1  0.8670  0.5868  1.429  1.10  6.139    1.000     168.3     0.000           |  0.8850  0.5087  1.570  1.16  7.156  121.9
       2  0.8770  0.5450  1.559  1.15  6.614    1.000     141.3     0.000           |  0.8740  0.4828  1.573  1.17  7.460  105.2
       3  0.8700  0.5167  1.563  1.17  7.008    1.000     125.3     0.000           |  0.8660  0.4657  1.521  1.16  7.668   92.3
       4  0.8620  0.5010  1.545  1.18  7.297    1.000     113.7     0.000           |  0.8500  0.4525  1.470  1.15  7.778   82.7
       5  0.8470  0.4852  1.524  1.18  7.468    1.000     104.5     0.000           |  0.8280  0.4442  1.449  1.15  7.869   75.8
       6  0.8390  0.4762  1.506  1.18  7.600    1.000      97.8     0.000           |  0.8210  0.4359  1.422  1.14  7.916   70.3
       7  0.8170  0.4704  1.504  1.17  7.673    1.000      92.5     0.000           |  0.8140  0.4306  1.398  1.13  7.944   66.4
       8  0.7950  0.4642  1.462  1.17  7.706    1.000      89.2     0.000           |  0.7820  0.4267  1.379  1.13  7.964   64.0
  end-to-end, sweep read 50 mV, code 245 (v_n/V 0.10)
    dose  critic     div   tone  stdr  L2div distinct flips/226 unchanged | quenched:  critic     div   tone  stdr  L2div  flips
       0  0.8400  0.6043  1.270  1.02  5.660    1.000        --        --
       1  0.8290  0.6257  1.181  1.03  5.721    1.000     178.7     0.000           |  0.8890  0.5195  1.527  1.14  6.797  143.7
       2  0.8320  0.6050  1.247  1.07  5.767    1.000     168.8     0.000           |  0.8930  0.5008  1.473  1.15  6.796  138.5
       3  0.8330  0.5884  1.259  1.10  5.799    1.000     163.9     0.000           |  0.9060  0.4869  1.404  1.15  6.798  134.4
       4  0.8420  0.5834  1.271  1.12  5.918    1.000     160.2     0.000           |  0.9030  0.4756  1.344  1.15  6.859  131.0
       5  0.8420  0.5734  1.285  1.14  6.052    1.000     156.9     0.000           |  0.8960  0.4649  1.328  1.15  6.908  127.8
       6  0.8390  0.5672  1.299  1.16  6.128    1.000     154.1     0.000           |  0.9030  0.4581  1.290  1.14  6.935  125.4
       7  0.8390  0.5622  1.302  1.17  6.205    1.000     151.5     0.000           |  0.8870  0.4493  1.229  1.14  6.936  122.6
       8  0.8320  0.5586  1.299  1.18  6.267    1.000     149.4     0.000           |  0.8870  0.4433  1.170  1.13  6.938  120.9
  seed 962 done (70s)

summary over seeds (mean): dose 1 -> dose 8; delta is paired within seed
arm   sweep read                       critic 1 critic 8   delta  div 1  div 8   L2 1   L2 8 stdr 8 flips@8
e2e   50 mV, code 95  (v_n/V 0.04)       0.8913   0.8030 -0.0883 0.5664 0.4417  6.383  8.006   1.14    52.9
e2e   50 mV, code 145 (v_n/V 0.06)       0.8733   0.8177 -0.0557 0.5871 0.4615  6.113  7.584   1.17    88.8
e2e   50 mV, code 245 (v_n/V 0.10)       0.8073   0.8500 +0.0427 0.6271 0.5555  5.695  6.223   1.18   149.1

quenched (noisy doses then one cold dose), mean over seeds:
sweep read                             d1       d2       d3       d4       d5       d6       d7       d8
50 mV, code 95  (v_n/V 0.04)       0.8943   0.8797   0.8680   0.8467   0.8370   0.8203   0.8057   0.7863
50 mV, code 145 (v_n/V 0.06)       0.8987   0.8847   0.8773   0.8603   0.8443   0.8327   0.8237   0.8060
50 mV, code 245 (v_n/V 0.10)       0.9093   0.9057   0.9067   0.9073   0.8977   0.9060   0.8920   0.8907

saved: dose-chain-quench.pt
