
=== 37_dose_chain.py (2026-09-06 11:57) === exploratory, off the book
hot reads at (10 mV, 2 mV), code 95; joint sweep chained 8 doses under: noiseless (deployed); 50 mV, code 0   (v_n/V 0.002); 50 mV, code 45  (v_n/V 0.02); 50 mV, code 245 (v_n/V 0.10); 10 mV, code 45  (v_n/V 0.10); 10 mV, code 95  (v_n/V 0.20)
real bar: critic 0.8860  div 0.4866  tone 2.362  L2div 8.678  n = 1000

seed 960: hot pass 28s
  end-to-end, sweep read noiseless (deployed)
    dose  critic     div   tone  stdr  L2div distinct flips/226 unchanged
       0  0.8560  0.6019  1.328  1.03  5.641    1.000        --        --
       1  0.9210  0.5454  1.586  1.14  6.689    1.000     151.1     0.000
       2  0.9000  0.4995  1.609  1.17  7.356    1.000      82.1     0.000
       3  0.8780  0.4762  1.578  1.17  7.701    1.000      44.1     0.000
       4  0.8610  0.4630  1.531  1.17  7.862    1.000      25.8     0.000
       5  0.8550  0.4530  1.496  1.16  7.961    1.000      16.8     0.002
       6  0.8510  0.4465  1.463  1.15  8.020    1.000      12.0     0.013
       7  0.8370  0.4417  1.432  1.15  8.061    1.000       9.3     0.045
       8  0.8300  0.4385  1.409  1.14  8.097    1.000       7.1     0.079
  end-to-end, sweep read 50 mV, code 0   (v_n/V 0.002)
    dose  critic     div   tone  stdr  L2div distinct flips/226 unchanged
       0  0.8560  0.6019  1.328  1.03  5.641    1.000        --        --
       1  0.9200  0.5454  1.590  1.15  6.688    1.000     151.4     0.000
       2  0.9010  0.4994  1.623  1.17  7.355    1.000      82.8     0.000
       3  0.8780  0.4766  1.599  1.17  7.713    1.000      45.1     0.000
       4  0.8630  0.4631  1.546  1.17  7.878    1.000      26.6     0.000
       5  0.8580  0.4538  1.513  1.16  7.974    1.000      17.7     0.001
       6  0.8470  0.4466  1.484  1.16  8.035    1.000      12.7     0.007
       7  0.8360  0.4422  1.462  1.15  8.081    1.000       9.6     0.025
       8  0.8250  0.4385  1.449  1.15  8.104    1.000       7.5     0.046
  end-to-end, sweep read 50 mV, code 45  (v_n/V 0.02)
    dose  critic     div   tone  stdr  L2div distinct flips/226 unchanged
       0  0.8560  0.6019  1.328  1.03  5.641    1.000        --        --
       1  0.9240  0.5495  1.578  1.14  6.585    1.000     154.4     0.000
       2  0.9030  0.5034  1.630  1.17  7.257    1.000      95.5     0.000
       3  0.8840  0.4782  1.595  1.17  7.634    1.000      61.9     0.000
       4  0.8670  0.4628  1.564  1.17  7.831    1.000      43.1     0.000
       5  0.8530  0.4516  1.527  1.16  7.929    1.000      33.0     0.000
       6  0.8410  0.4446  1.507  1.15  8.000    1.000      27.1     0.000
       7  0.8280  0.4386  1.477  1.15  8.051    1.000      23.5     0.000
       8  0.8270  0.4351  1.472  1.14  8.097    1.000      21.5     0.000
  end-to-end, sweep read 50 mV, code 245 (v_n/V 0.10)
    dose  critic     div   tone  stdr  L2div distinct flips/226 unchanged
       0  0.8560  0.6019  1.328  1.03  5.641    1.000        --        --
       1  0.8160  0.6276  1.223  1.03  5.658    1.000     178.5     0.000
       2  0.8510  0.6004  1.278  1.07  5.664    1.000     168.8     0.000
       3  0.8500  0.5898  1.285  1.10  5.787    1.000     163.4     0.000
       4  0.8660  0.5820  1.307  1.13  5.920    1.000     159.6     0.000
       5  0.8490  0.5713  1.336  1.15  5.960    1.000     156.2     0.000
       6  0.8530  0.5668  1.305  1.16  6.046    1.000     153.5     0.000
       7  0.8710  0.5584  1.296  1.18  6.088    1.000     151.5     0.000
       8  0.8590  0.5539  1.283  1.18  6.167    1.000     149.4     0.000
  end-to-end, sweep read 10 mV, code 45  (v_n/V 0.10)
    dose  critic     div   tone  stdr  L2div distinct flips/226 unchanged
       0  0.8560  0.6019  1.328  1.03  5.641    1.000        --        --
       1  0.8140  0.6292  1.217  1.03  5.659    1.000     178.7     0.000
       2  0.8360  0.6023  1.262  1.07  5.655    1.000     169.3     0.000
       3  0.8510  0.5924  1.285  1.10  5.769    1.000     164.3     0.000
       4  0.8510  0.5833  1.295  1.12  5.884    1.000     160.5     0.000
       5  0.8490  0.5741  1.316  1.14  5.930    1.000     157.1     0.000
       6  0.8550  0.5706  1.296  1.16  6.026    1.000     154.7     0.000
       7  0.8610  0.5620  1.284  1.17  6.067    1.000     152.5     0.000
       8  0.8730  0.5578  1.268  1.18  6.135    1.000     150.5     0.000
  end-to-end, sweep read 10 mV, code 95  (v_n/V 0.20)
    dose  critic     div   tone  stdr  L2div distinct flips/226 unchanged
       0  0.8560  0.6019  1.328  1.03  5.641    1.000        --        --
       1  0.4960  0.6682  0.814  0.88  5.299    1.000     193.4     0.000
       2  0.3890  0.6644  0.661  0.83  5.081    1.000     198.5     0.000
       3  0.3480  0.6646  0.615  0.80  5.026    1.000     200.8     0.000
       4  0.3040  0.6631  0.586  0.79  4.973    1.000     201.6     0.000
       5  0.2770  0.6633  0.597  0.79  4.975    1.000     202.3     0.000
       6  0.2570  0.6614  0.573  0.78  4.947    1.000     202.7     0.000
       7  0.2520  0.6614  0.574  0.78  4.932    1.000     203.2     0.000
       8  0.2620  0.6599  0.565  0.78  4.923    1.000     203.3     0.000
  reconstruction, sweep read noiseless (deployed)
    dose  critic     div   tone  stdr  L2div distinct flips/226 unchanged
       0  0.8760  0.5659  1.943  1.09  7.348    1.000        --        --
       1  0.8890  0.5189  2.010  1.13  8.111    1.000     140.5     0.000
       2  0.8870  0.4942  1.953  1.14  8.414    1.000      60.9     0.000
       3  0.8720  0.4818  1.891  1.15  8.529    1.000      28.9     0.000
       4  0.8590  0.4739  1.871  1.15  8.591    1.000      16.8     0.001
       5  0.8390  0.4684  1.855  1.15  8.637    1.000      11.5     0.005
       6  0.8360  0.4644  1.845  1.15  8.663    1.000       8.5     0.033
       7  0.8200  0.4615  1.823  1.15  8.679    1.000       6.6     0.075
       8  0.8140  0.4585  1.787  1.14  8.689    1.000       5.4     0.136
  reconstruction, sweep read 10 mV, code 95  (v_n/V 0.20)
    dose  critic     div   tone  stdr  L2div distinct flips/226 unchanged
       0  0.8760  0.5659  1.943  1.09  7.348    1.000        --        --
       1  0.5710  0.6778  1.078  0.93  5.871    1.000     187.6     0.000
       2  0.4260  0.6705  0.840  0.86  5.345    1.000     194.8     0.000
       3  0.3620  0.6645  0.663  0.81  5.070    1.000     199.0     0.000
       4  0.3110  0.6648  0.619  0.80  5.019    1.000     200.8     0.000
       5  0.2830  0.6634  0.596  0.79  4.979    1.000     201.7     0.000
       6  0.2760  0.6616  0.582  0.78  4.960    1.000     202.5     0.000
       7  0.2520  0.6620  0.604  0.78  4.947    1.000     203.1     0.000
       8  0.2660  0.6597  0.573  0.78  4.914    1.000     203.3     0.000
  seed 960 done (96s)

seed 961: hot pass 29s
  end-to-end, sweep read noiseless (deployed)
    dose  critic     div   tone  stdr  L2div distinct flips/226 unchanged
       0  0.8280  0.6053  1.339  1.03  5.731    1.000        --        --
       1  0.8910  0.5505  1.616  1.14  6.815    1.000     151.3     0.000
       2  0.8820  0.5052  1.678  1.17  7.519    1.000      81.7     0.000
       3  0.8740  0.4853  1.626  1.17  7.842    1.000      43.6     0.000
       4  0.8560  0.4715  1.574  1.16  7.997    1.000      25.3     0.000
       5  0.8500  0.4620  1.538  1.15  8.088    1.000      16.8     0.002
       6  0.8400  0.4545  1.524  1.15  8.153    1.000      12.0     0.008
       7  0.8350  0.4498  1.507  1.14  8.206    1.000       9.0     0.047
       8  0.8190  0.4464  1.509  1.14  8.248    1.000       7.0     0.088
  end-to-end, sweep read 50 mV, code 0   (v_n/V 0.002)
    dose  critic     div   tone  stdr  L2div distinct flips/226 unchanged
       0  0.8280  0.6053  1.339  1.03  5.731    1.000        --        --
       1  0.8890  0.5510  1.621  1.14  6.812    1.000     151.5     0.000
       2  0.8870  0.5053  1.673  1.17  7.496    1.000      82.7     0.000
       3  0.8710  0.4849  1.636  1.17  7.836    1.000      44.6     0.000
       4  0.8550  0.4719  1.579  1.16  8.003    1.000      26.4     0.000
       5  0.8500  0.4622  1.542  1.16  8.100    1.000      17.6     0.000
       6  0.8350  0.4559  1.525  1.15  8.167    1.000      12.8     0.011
       7  0.8230  0.4510  1.513  1.15  8.219    1.000       9.8     0.020
       8  0.8130  0.4480  1.512  1.14  8.268    1.000       7.9     0.040
  end-to-end, sweep read 50 mV, code 45  (v_n/V 0.02)
    dose  critic     div   tone  stdr  L2div distinct flips/226 unchanged
       0  0.8280  0.6053  1.339  1.03  5.731    1.000        --        --
       1  0.8840  0.5553  1.612  1.14  6.699    1.000     154.5     0.000
       2  0.8720  0.5085  1.655  1.16  7.395    1.000      95.2     0.000
       3  0.8650  0.4860  1.623  1.17  7.773    1.000      61.3     0.000
       4  0.8480  0.4714  1.555  1.16  7.952    1.000      42.8     0.000
       5  0.8490  0.4611  1.537  1.16  8.074    1.000      33.0     0.000
       6  0.8260  0.4525  1.522  1.15  8.148    1.000      27.3     0.000
       7  0.8170  0.4465  1.508  1.14  8.225    1.000      23.9     0.000
       8  0.8030  0.4415  1.510  1.14  8.278    1.000      21.4     0.000
  end-to-end, sweep read 50 mV, code 245 (v_n/V 0.10)
    dose  critic     div   tone  stdr  L2div distinct flips/226 unchanged
       0  0.8280  0.6053  1.339  1.03  5.731    1.000        --        --
       1  0.7770  0.6280  1.223  1.04  5.708    1.000     178.3     0.000
       2  0.8140  0.6052  1.279  1.08  5.770    1.000     168.7     0.000
       3  0.8370  0.5898  1.305  1.11  5.844    1.000     163.4     0.000
       4  0.8410  0.5825  1.333  1.13  5.954    1.000     159.4     0.000
       5  0.8400  0.5704  1.305  1.15  6.009    1.000     155.7     0.000
       6  0.8580  0.5657  1.313  1.16  6.116    1.000     152.9     0.000
       7  0.8480  0.5591  1.306  1.17  6.180    1.000     150.5     0.000
       8  0.8590  0.5539  1.270  1.18  6.234    1.000     148.5     0.000
  end-to-end, sweep read 10 mV, code 45  (v_n/V 0.10)
    dose  critic     div   tone  stdr  L2div distinct flips/226 unchanged
       0  0.8280  0.6053  1.339  1.03  5.731    1.000        --        --
       1  0.7780  0.6293  1.219  1.04  5.708    1.000     178.5     0.000
       2  0.8050  0.6071  1.272  1.07  5.757    1.000     169.2     0.000
       3  0.8250  0.5927  1.292  1.11  5.831    1.000     164.1     0.000
       4  0.8470  0.5850  1.314  1.13  5.928    1.000     160.1     0.000
       5  0.8490  0.5737  1.308  1.15  5.970    1.000     156.9     0.000
       6  0.8610  0.5700  1.292  1.16  6.061    1.000     154.0     0.000
       7  0.8360  0.5623  1.296  1.17  6.131    1.000     152.0     0.000
       8  0.8620  0.5546  1.255  1.18  6.151    1.000     149.5     0.000
  end-to-end, sweep read 10 mV, code 95  (v_n/V 0.20)
    dose  critic     div   tone  stdr  L2div distinct flips/226 unchanged
       0  0.8280  0.6053  1.339  1.03  5.731    1.000        --        --
       1  0.4890  0.6677  0.812  0.88  5.320    1.000     193.5     0.000
       2  0.3830  0.6643  0.665  0.83  5.067    1.000     198.8     0.000
       3  0.3190  0.6613  0.598  0.80  4.953    1.000     200.7     0.000
       4  0.3020  0.6637  0.601  0.79  4.993    1.000     201.9     0.000
       5  0.2750  0.6614  0.581  0.78  4.935    1.000     202.4     0.000
       6  0.2710  0.6629  0.597  0.78  4.964    1.000     202.6     0.000
       7  0.2770  0.6624  0.595  0.77  4.962    1.000     203.3     0.000
       8  0.2600  0.6625  0.584  0.77  4.945    1.000     203.5     0.000
  reconstruction, sweep read noiseless (deployed)
    dose  critic     div   tone  stdr  L2div distinct flips/226 unchanged
       0  0.8760  0.5671  1.932  1.09  7.348    1.000        --        --
       1  0.8930  0.5176  2.007  1.13  8.096    1.000     140.9     0.000
       2  0.8870  0.4924  1.954  1.14  8.418    1.000      60.8     0.000
       3  0.8700  0.4811  1.921  1.15  8.547    1.000      28.9     0.000
       4  0.8660  0.4737  1.923  1.15  8.609    1.000      16.9     0.000
       5  0.8380  0.4673  1.904  1.16  8.646    1.000      11.3     0.007
       6  0.8280  0.4635  1.898  1.15  8.681    1.000       8.4     0.030
       7  0.8090  0.4607  1.878  1.15  8.696    1.000       6.5     0.072
       8  0.8070  0.4585  1.846  1.15  8.705    1.000       5.2     0.127
  reconstruction, sweep read 10 mV, code 95  (v_n/V 0.20)
    dose  critic     div   tone  stdr  L2div distinct flips/226 unchanged
       0  0.8760  0.5671  1.932  1.09  7.348    1.000        --        --
       1  0.6130  0.6773  1.075  0.93  5.871    1.000     187.6     0.000
       2  0.4320  0.6696  0.778  0.85  5.292    1.000     195.0     0.000
       3  0.3500  0.6634  0.653  0.82  5.033    1.000     199.1     0.000
       4  0.3150  0.6637  0.620  0.79  5.005    1.000     201.0     0.000
       5  0.2860  0.6597  0.575  0.79  4.923    1.000     202.0     0.000
       6  0.2810  0.6625  0.591  0.78  4.965    1.000     202.4     0.000
       7  0.2680  0.6629  0.601  0.78  4.965    1.000     203.2     0.000
       8  0.2780  0.6620  0.579  0.77  4.937    1.000     203.3     0.000
  seed 961 done (93s)

seed 962: hot pass 29s
  end-to-end, sweep read noiseless (deployed)
    dose  critic     div   tone  stdr  L2div distinct flips/226 unchanged
       0  0.8400  0.6043  1.270  1.02  5.660    1.000        --        --
       1  0.8900  0.5501  1.568  1.14  6.765    1.000     152.0     0.000
       2  0.8820  0.5039  1.597  1.17  7.481    1.000      82.3     0.000
       3  0.8550  0.4816  1.554  1.17  7.830    1.000      44.4     0.000
       4  0.8300  0.4692  1.522  1.17  8.009    1.000      25.9     0.000
       5  0.8080  0.4595  1.489  1.16  8.108    1.000      17.3     0.002
       6  0.8000  0.4529  1.460  1.15  8.176    1.000      12.3     0.011
       7  0.7970  0.4476  1.428  1.15  8.225    1.000       9.1     0.032
       8  0.7910  0.4448  1.412  1.14  8.266    1.000       7.3     0.065
  end-to-end, sweep read 50 mV, code 0   (v_n/V 0.002)
    dose  critic     div   tone  stdr  L2div distinct flips/226 unchanged
       0  0.8400  0.6043  1.270  1.02  5.660    1.000        --        --
       1  0.8880  0.5504  1.574  1.14  6.763    1.000     152.1     0.000
       2  0.8860  0.5054  1.608  1.17  7.502    1.000      83.1     0.000
       3  0.8550  0.4833  1.572  1.17  7.850    1.000      45.5     0.000
       4  0.8360  0.4701  1.545  1.17  8.051    1.000      26.7     0.000
       5  0.8180  0.4611  1.523  1.16  8.153    1.000      17.8     0.001
       6  0.8070  0.4544  1.498  1.16  8.221    1.000      12.8     0.009
       7  0.7990  0.4495  1.475  1.15  8.265    1.000       9.8     0.019
       8  0.7940  0.4459  1.445  1.14  8.308    1.000       8.0     0.033
  end-to-end, sweep read 50 mV, code 45  (v_n/V 0.02)
    dose  critic     div   tone  stdr  L2div distinct flips/226 unchanged
       0  0.8400  0.6043  1.270  1.02  5.660    1.000        --        --
       1  0.8850  0.5548  1.553  1.14  6.660    1.000     155.4     0.000
       2  0.8790  0.5077  1.599  1.17  7.402    1.000      95.9     0.000
       3  0.8670  0.4837  1.567  1.17  7.784    1.000      62.0     0.000
       4  0.8470  0.4670  1.552  1.17  7.988    1.000      43.5     0.000
       5  0.8210  0.4575  1.521  1.16  8.110    1.000      33.3     0.000
       6  0.8030  0.4505  1.510  1.15  8.191    1.000      27.7     0.000
       7  0.7900  0.4452  1.482  1.15  8.254    1.000      24.0     0.000
       8  0.7760  0.4420  1.440  1.14  8.288    1.000      21.8     0.000
  end-to-end, sweep read 50 mV, code 245 (v_n/V 0.10)
    dose  critic     div   tone  stdr  L2div distinct flips/226 unchanged
       0  0.8400  0.6043  1.270  1.02  5.660    1.000        --        --
       1  0.8290  0.6257  1.181  1.03  5.721    1.000     178.7     0.000
       2  0.8320  0.6050  1.247  1.07  5.767    1.000     168.8     0.000
       3  0.8330  0.5884  1.259  1.10  5.799    1.000     163.9     0.000
       4  0.8420  0.5834  1.271  1.12  5.918    1.000     160.2     0.000
       5  0.8420  0.5734  1.285  1.14  6.052    1.000     156.9     0.000
       6  0.8390  0.5672  1.299  1.16  6.128    1.000     154.1     0.000
       7  0.8390  0.5622  1.302  1.17  6.205    1.000     151.5     0.000
       8  0.8320  0.5586  1.299  1.18  6.267    1.000     149.4     0.000
  end-to-end, sweep read 10 mV, code 45  (v_n/V 0.10)
    dose  critic     div   tone  stdr  L2div distinct flips/226 unchanged
       0  0.8400  0.6043  1.270  1.02  5.660    1.000        --        --
       1  0.8290  0.6268  1.174  1.03  5.717    1.000     178.9     0.000
       2  0.8340  0.6066  1.247  1.07  5.758    1.000     169.3     0.000
       3  0.8260  0.5912  1.259  1.09  5.783    1.000     164.6     0.000
       4  0.8350  0.5870  1.290  1.12  5.913    1.000     161.0     0.000
       5  0.8340  0.5748  1.270  1.14  5.995    1.000     157.8     0.000
       6  0.8410  0.5700  1.296  1.15  6.090    1.000     155.2     0.000
       7  0.8500  0.5648  1.299  1.17  6.181    1.000     152.9     0.000
       8  0.8320  0.5626  1.275  1.18  6.234    1.000     150.8     0.000
  end-to-end, sweep read 10 mV, code 95  (v_n/V 0.20)
    dose  critic     div   tone  stdr  L2div distinct flips/226 unchanged
       0  0.8400  0.6043  1.270  1.02  5.660    1.000        --        --
       1  0.4980  0.6662  0.778  0.87  5.300    1.000     193.6     0.000
       2  0.3720  0.6647  0.651  0.83  5.112    1.000     198.9     0.000
       3  0.3130  0.6605  0.600  0.79  4.955    1.000     201.0     0.000
       4  0.2990  0.6634  0.597  0.79  4.982    1.000     202.0     0.000
       5  0.2870  0.6617  0.615  0.78  4.979    1.000     202.5     0.000
       6  0.2640  0.6609  0.600  0.78  4.951    1.000     203.0     0.000
       7  0.2710  0.6641  0.607  0.78  4.988    1.000     203.1     0.000
       8  0.2700  0.6643  0.605  0.78  4.989    1.000     203.0     0.000
  reconstruction, sweep read noiseless (deployed)
    dose  critic     div   tone  stdr  L2div distinct flips/226 unchanged
       0  0.8740  0.5667  1.939  1.09  7.351    1.000        --        --
       1  0.8930  0.5189  2.006  1.13  8.104    1.000     141.2     0.000
       2  0.8890  0.4934  1.974  1.14  8.414    1.000      61.5     0.000
       3  0.8750  0.4818  1.945  1.15  8.538    1.000      29.1     0.000
       4  0.8560  0.4743  1.930  1.15  8.592    1.000      16.8     0.001
       5  0.8340  0.4691  1.937  1.16  8.640    1.000      11.5     0.008
       6  0.8370  0.4654  1.931  1.16  8.667    1.000       8.7     0.032
       7  0.8230  0.4618  1.929  1.15  8.684    1.000       6.6     0.080
       8  0.8170  0.4589  1.910  1.15  8.691    1.000       5.2     0.138
  reconstruction, sweep read 10 mV, code 95  (v_n/V 0.20)
    dose  critic     div   tone  stdr  L2div distinct flips/226 unchanged
       0  0.8740  0.5667  1.939  1.09  7.351    1.000        --        --
       1  0.5830  0.6770  1.087  0.93  5.923    1.000     187.5     0.000
       2  0.4400  0.6700  0.783  0.85  5.318    1.000     195.1     0.000
       3  0.3390  0.6648  0.691  0.81  5.082    1.000     199.2     0.000
       4  0.2940  0.6655  0.623  0.79  5.040    1.000     201.1     0.000
       5  0.3060  0.6619  0.620  0.79  4.984    1.000     201.9     0.000
       6  0.2600  0.6624  0.611  0.78  4.978    1.000     202.5     0.000
       7  0.2790  0.6629  0.599  0.78  4.973    1.000     202.7     0.000
       8  0.2660  0.6634  0.609  0.78  4.982    1.000     202.8     0.000
  seed 962 done (96s)

summary over seeds (mean): dose 1 -> dose 8; delta is paired within seed
arm   sweep read                       critic 1 critic 8   delta  div 1  div 8   L2 1   L2 8 stdr 8 flips@8
e2e   noiseless (deployed)               0.9007   0.8133 -0.0873 0.5487 0.4433  6.756  8.204   1.14     7.1
e2e   50 mV, code 0   (v_n/V 0.002)      0.8990   0.8107 -0.0883 0.5489 0.4441  6.754  8.226   1.14     7.8
e2e   50 mV, code 45  (v_n/V 0.02)       0.8977   0.8020 -0.0957 0.5532 0.4395  6.648  8.221   1.14    21.6
e2e   50 mV, code 245 (v_n/V 0.10)       0.8073   0.8500 +0.0427 0.6271 0.5555  5.695  6.223   1.18   149.1
e2e   10 mV, code 45  (v_n/V 0.10)       0.8070   0.8557 +0.0487 0.6284 0.5583  5.695  6.174   1.18   150.3
e2e   10 mV, code 95  (v_n/V 0.20)       0.4943   0.2640 -0.2303 0.6674 0.6623  5.306  4.952   0.78   203.3
recon noiseless (deployed)               0.8917   0.8127 -0.0790 0.5185 0.4586  8.103  8.695   1.15     5.3
recon 10 mV, code 95  (v_n/V 0.20)       0.5890   0.2700 -0.3190 0.6774 0.6617  5.889  4.944   0.78   203.1

saved: dose-chain.pt
