
=== Bernoulli calibration baselines (2026-09-02 10:52) — seed 31000 ===
  class 0: n_train 6000  pixel-frequency mean 0.5327
  class 1: n_train 6000  pixel-frequency mean 0.3308
  class 2: n_train 6000  pixel-frequency mean 0.6080
  class 3: n_train 6000  pixel-frequency mean 0.3925
  class 4: n_train 6000  pixel-frequency mean 0.5651
  class 5: n_train 6000  pixel-frequency mean 0.2527
  class 6: n_train 6000  pixel-frequency mean 0.5777
  class 7: n_train 6000  pixel-frequency mean 0.2871
  class 8: n_train 6000  pixel-frequency mean 0.5354
  class 9: n_train 6000  pixel-frequency mean 0.4352
[gen] audit-bernoulli-class: (5120, 28, 28)  on-fraction 0.4518
[gen] audit-bernoulli-pooled: (5120, 28, 28)  on-fraction 0.4519
done; score with 32_audit_score.py

=== Bernoulli calibration baselines (2026-09-04 02:51) — seed 31000 ===
  class 0: n_train 6000  pixel-frequency mean 0.5327
  class 1: n_train 6000  pixel-frequency mean 0.3308
  class 2: n_train 6000  pixel-frequency mean 0.6080
  class 3: n_train 6000  pixel-frequency mean 0.3925
  class 4: n_train 6000  pixel-frequency mean 0.5651
  class 5: n_train 6000  pixel-frequency mean 0.2527
  class 6: n_train 6000  pixel-frequency mean 0.5777
  class 7: n_train 6000  pixel-frequency mean 0.2871
  class 8: n_train 6000  pixel-frequency mean 0.5354
  class 9: n_train 6000  pixel-frequency mean 0.4352
[gen] audit-bernoulli-class: (5120, 28, 28)  on-fraction 0.4518
[gen] audit-bernoulli-pooled: (5120, 28, 28)  on-fraction 0.4519
done; score with 32_audit_score.py
