\BOOKMARK [0][-]{section*.2}{\376\377\000C\000H\000I\000L\000L\000\040\000Z\000E\000N\000:\000\040\000I\000m\000a\000g\000e\000\040\000g\000e\000n\000e\000r\000a\000t\000i\000o\000n\000\040\000w\000i\000t\000h\000\040\000n\000o\000i\000s\000y\000\040\000i\000n\000-\000m\000e\000m\000o\000r\000y\000\040\000r\000e\000a\000d\000s\000\040\000a\000n\000d\000\040\000l\000o\000c\000a\000l\000\040\000r\000e\000p\000a\000i\000r}{}% 2
\BOOKMARK [1][-]{section*.1}{\376\377\000A\000b\000s\000t\000r\000a\000c\000t}{section*.2}% 1
\BOOKMARK [1][-]{section*.3}{\376\377\000I\000n\000t\000r\000o\000d\000u\000c\000t\000i\000o\000n}{section*.2}% 3
\BOOKMARK [1][-]{section*.4}{\376\377\000R\000e\000p\000r\000e\000s\000e\000n\000t\000a\000t\000i\000o\000n\000\040\000a\000n\000d\000\040\000g\000e\000n\000e\000r\000a\000t\000i\000o\000n}{section*.2}% 4
\BOOKMARK [2][-]{section*.5}{\376\377\000A\000n\000\040\000a\000d\000d\000i\000t\000i\000v\000e\000\040\000i\000m\000a\000g\000e\000\040\000c\000o\000d\000e}{section*.4}% 5
\BOOKMARK [2][-]{section*.6}{\376\377\000L\000a\000n\000e\000\040\000s\000c\000o\000r\000e\000s\000\040\000a\000n\000d\000\040\000l\000o\000c\000a\000l\000\040\000l\000e\000a\000r\000n\000i\000n\000g}{section*.4}% 6
\BOOKMARK [2][-]{section*.7}{\376\377\000A\000\040\000f\000i\000x\000e\000d\000\040\000s\000e\000q\000u\000e\000n\000c\000e\000\040\000o\000f\000\040\000d\000r\000a\000w\000s\000\040\000a\000n\000d\000\040\000r\000e\000p\000a\000i\000r\000s}{section*.4}% 7
\BOOKMARK [1][-]{section*.8}{\376\377\000T\000r\000a\000i\000n\000i\000n\000g\000\040\000a\000n\000d\000\040\000i\000m\000a\000g\000e\000\040\000q\000u\000a\000l\000i\000t\000y}{section*.2}% 8
\BOOKMARK [2][-]{section*.9}{\376\377\000S\000e\000t\000u\000p\000\040\000a\000n\000d\000\040\000e\000v\000a\000l\000u\000a\000t\000i\000o\000n}{section*.8}% 9
\BOOKMARK [2][-]{section*.10}{\376\377\000T\000h\000e\000\040\000t\000w\000o\000-\000l\000e\000v\000e\000l\000\040\000r\000e\000s\000u\000l\000t}{section*.8}% 10
\BOOKMARK [2][-]{section*.11}{\376\377\000R\000e\000p\000r\000e\000s\000e\000n\000t\000a\000t\000i\000o\000n\000\040\000c\000o\000n\000t\000r\000o\000l\000s}{section*.8}% 11
\BOOKMARK [1][-]{section*.12}{\376\377\000C\000o\000m\000p\000a\000r\000a\000t\000o\000r\000\040\000n\000o\000i\000s\000e\000\040\000c\000o\000n\000t\000r\000o\000l\000s\000\040\000s\000a\000m\000p\000l\000i\000n\000g}{section*.2}% 12
\BOOKMARK [2][-]{section*.13}{\376\377\000D\000e\000v\000i\000c\000e\000\040\000n\000o\000i\000s\000e\000\040\000a\000n\000d\000\040\000p\000o\000o\000l\000i\000n\000g}{section*.12}% 13
\BOOKMARK [2][-]{section*.14}{\376\377\000N\000o\000i\000s\000e\000\040\000s\000e\000t\000t\000i\000n\000g\000s\000\040\000i\000n\000\040\000t\000h\000e\000\040\000e\000m\000u\000l\000a\000t\000o\000r}{section*.12}% 14
\BOOKMARK [2][-]{section*.15}{\376\377\000C\000o\000l\000d\000\040\000r\000e\000a\000d\000s\000\040\000a\000n\000d\000\040\000c\000i\000r\000c\000u\000i\000t\000\040\000r\000e\000q\000u\000i\000r\000e\000m\000e\000n\000t\000s}{section*.12}% 15
\BOOKMARK [1][-]{section*.16}{\376\377\000B\000i\000n\000a\000r\000i\000z\000e\000d\000\040\000F\000a\000s\000h\000i\000o\000n\000-\000M\000N\000I\000S\000T}{section*.2}% 16
\BOOKMARK [2][-]{section*.17}{\376\377\000S\000c\000o\000r\000i\000n\000g\000\040\000p\000r\000o\000t\000o\000c\000o\000l\000\040\000a\000n\000d\000\040\000c\000o\000m\000p\000a\000r\000i\000s\000o\000n\000\040\000s\000c\000o\000p\000e}{section*.16}% 17
\BOOKMARK [2][-]{section*.18}{\376\377\000R\000e\000s\000u\000l\000t\000s\000\040\000a\000n\000d\000\040\000c\000o\000n\000t\000r\000o\000l\000s}{section*.16}% 18
\BOOKMARK [1][-]{section*.19}{\376\377\000E\000n\000e\000r\000g\000y\000\040\000a\000n\000d\000\040\000i\000m\000p\000l\000e\000m\000e\000n\000t\000a\000t\000i\000o\000n}{section*.2}% 19
\BOOKMARK [2][-]{section*.20}{\376\377\000O\000p\000e\000r\000a\000t\000i\000o\000n\000\040\000c\000o\000u\000n\000t\000s\000\040\000a\000n\000d\000\040\000e\000s\000t\000i\000m\000a\000t\000e\000d\000\040\000e\000n\000e\000r\000g\000y}{section*.19}% 20
\BOOKMARK [2][-]{section*.21}{\376\377\000W\000h\000a\000t\000\040\000t\000h\000e\000\040\000h\000a\000r\000d\000w\000a\000r\000e\000\040\000e\000s\000t\000i\000m\000a\000t\000e\000\040\000a\000s\000s\000u\000m\000e\000s}{section*.19}% 21
\BOOKMARK [2][-]{section*.22}{\376\377\000C\000o\000n\000d\000i\000t\000i\000o\000n\000a\000l\000\040\000t\000i\000m\000i\000n\000g}{section*.19}% 22
\BOOKMARK [1][-]{section*.23}{\376\377\000D\000i\000s\000c\000u\000s\000s\000i\000o\000n\000\040\000a\000n\000d\000\040\000c\000o\000n\000c\000l\000u\000s\000i\000o\000n}{section*.2}% 23
\BOOKMARK [1][-]{section*.24}{\376\377\000L\000o\000c\000a\000l\000\040\000i\000n\000s\000t\000r\000u\000c\000t\000i\000o\000n\000\040\000r\000u\000l\000e\000s}{section*.2}% 24
\BOOKMARK [1][-]{section*.25}{\376\377\000E\000n\000e\000r\000g\000y\000\040\000m\000o\000d\000e\000l}{section*.2}% 25
\BOOKMARK [2][-]{section*.26}{\376\377\000G\000e\000o\000m\000e\000t\000r\000y\000\040\000a\000n\000d\000\040\000c\000e\000n\000s\000u\000s}{section*.25}% 26
\BOOKMARK [2][-]{section*.27}{\376\377\000E\000n\000e\000r\000g\000y\000\040\000e\000q\000u\000a\000t\000i\000o\000n\000s}{section*.25}% 27
\BOOKMARK [2][-]{section*.28}{\376\377\000R\000e\000a\000d\000o\000u\000t\000\040\000a\000s\000s\000u\000m\000p\000t\000i\000o\000n\000s}{section*.25}% 28
\BOOKMARK [2][-]{section*.29}{\376\377\000S\000e\000l\000e\000c\000t\000i\000o\000n\000\040\000a\000l\000t\000e\000r\000n\000a\000t\000i\000v\000e\000s\000\040\000a\000n\000d\000\040\000o\000m\000i\000t\000t\000e\000d\000\040\000t\000e\000r\000m\000s}{section*.25}% 29
\BOOKMARK [1][-]{section*.30}{\376\377\000D\000e\000c\000l\000a\000r\000a\000t\000i\000o\000n\000s}{section*.2}% 30
\BOOKMARK [2][-]{section*.31}{\376\377\000D\000a\000t\000a\000\040\000a\000n\000d\000\040\000c\000o\000d\000e\000\040\000a\000v\000a\000i\000l\000a\000b\000i\000l\000i\000t\000y}{section*.30}% 31
\BOOKMARK [2][-]{section*.32}{\376\377\000A\000c\000k\000n\000o\000w\000l\000e\000d\000g\000m\000e\000n\000t\000s\000\040\000a\000n\000d\000\040\000A\000I\000\040\000a\000s\000s\000i\000s\000t\000a\000n\000c\000e}{section*.30}% 32
\BOOKMARK [2][-]{section*.33}{\376\377\000C\000o\000m\000p\000e\000t\000i\000n\000g\000\040\000i\000n\000t\000e\000r\000e\000s\000t\000s}{section*.30}% 33
\BOOKMARK [1][-]{section*.34}{\376\377\000R\000e\000f\000e\000r\000e\000n\000c\000e\000s}{section*.2}% 34
